Archive member included to satisfy reference by file (symbol)

c:/users/admin/appdata/roaming/xpacks/@xpack-dev-tools/arm-none-eabi-gcc/12.2.1-1.2.1/.content/bin/../lib/gcc/arm-none-eabi/12.2.1/thumb/v7e-m/nofp\libgcc.a(_aeabi_uldivmod.o)
                              ./system/src/stm32f4-hal/stm32f4xx_hal_rcc.o (__aeabi_uldivmod)
c:/users/admin/appdata/roaming/xpacks/@xpack-dev-tools/arm-none-eabi-gcc/12.2.1-1.2.1/.content/bin/../lib/gcc/arm-none-eabi/12.2.1/thumb/v7e-m/nofp\libgcc.a(_udivmoddi4.o)
                              c:/users/admin/appdata/roaming/xpacks/@xpack-dev-tools/arm-none-eabi-gcc/12.2.1-1.2.1/.content/bin/../lib/gcc/arm-none-eabi/12.2.1/thumb/v7e-m/nofp\libgcc.a(_aeabi_uldivmod.o) (__udivmoddi4)
c:/users/admin/appdata/roaming/xpacks/@xpack-dev-tools/arm-none-eabi-gcc/12.2.1-1.2.1/.content/bin/../lib/gcc/arm-none-eabi/12.2.1/thumb/v7e-m/nofp\libgcc.a(_dvmd_tls.o)
                              c:/users/admin/appdata/roaming/xpacks/@xpack-dev-tools/arm-none-eabi-gcc/12.2.1-1.2.1/.content/bin/../lib/gcc/arm-none-eabi/12.2.1/thumb/v7e-m/nofp\libgcc.a(_aeabi_uldivmod.o) (__aeabi_ldiv0)
c:/users/admin/appdata/roaming/xpacks/@xpack-dev-tools/arm-none-eabi-gcc/12.2.1-1.2.1/.content/bin/../lib/gcc/arm-none-eabi/12.2.1/../../../../arm-none-eabi/lib/thumb/v7e-m/nofp\libg_nano.a(libc_a-vsnprintf.o)
                              ./system/src/diag/trace.o (vsnprintf)
c:/users/admin/appdata/roaming/xpacks/@xpack-dev-tools/arm-none-eabi-gcc/12.2.1-1.2.1/.content/bin/../lib/gcc/arm-none-eabi/12.2.1/../../../../arm-none-eabi/lib/thumb/v7e-m/nofp\libg_nano.a(libc_a-impure.o)
                              c:/users/admin/appdata/roaming/xpacks/@xpack-dev-tools/arm-none-eabi-gcc/12.2.1-1.2.1/.content/bin/../lib/gcc/arm-none-eabi/12.2.1/../../../../arm-none-eabi/lib/thumb/v7e-m/nofp\libg_nano.a(libc_a-vsnprintf.o) (_impure_ptr)
c:/users/admin/appdata/roaming/xpacks/@xpack-dev-tools/arm-none-eabi-gcc/12.2.1-1.2.1/.content/bin/../lib/gcc/arm-none-eabi/12.2.1/../../../../arm-none-eabi/lib/thumb/v7e-m/nofp\libg_nano.a(libc_a-errno.o)
                              ./system/src/newlib/sbrk.o (__errno)
c:/users/admin/appdata/roaming/xpacks/@xpack-dev-tools/arm-none-eabi-gcc/12.2.1-1.2.1/.content/bin/../lib/gcc/arm-none-eabi/12.2.1/../../../../arm-none-eabi/lib/thumb/v7e-m/nofp\libg_nano.a(libc_a-strlen.o)
                              ./system/src/diag/trace.o (strlen)
c:/users/admin/appdata/roaming/xpacks/@xpack-dev-tools/arm-none-eabi-gcc/12.2.1-1.2.1/.content/bin/../lib/gcc/arm-none-eabi/12.2.1/../../../../arm-none-eabi/lib/thumb/v7e-m/nofp\libg_nano.a(libc_a-nano-svfprintf.o)
                              c:/users/admin/appdata/roaming/xpacks/@xpack-dev-tools/arm-none-eabi-gcc/12.2.1-1.2.1/.content/bin/../lib/gcc/arm-none-eabi/12.2.1/../../../../arm-none-eabi/lib/thumb/v7e-m/nofp\libg_nano.a(libc_a-vsnprintf.o) (_svfprintf_r)
c:/users/admin/appdata/roaming/xpacks/@xpack-dev-tools/arm-none-eabi-gcc/12.2.1-1.2.1/.content/bin/../lib/gcc/arm-none-eabi/12.2.1/../../../../arm-none-eabi/lib/thumb/v7e-m/nofp\libg_nano.a(libc_a-nano-vfprintf_i.o)
                              c:/users/admin/appdata/roaming/xpacks/@xpack-dev-tools/arm-none-eabi-gcc/12.2.1-1.2.1/.content/bin/../lib/gcc/arm-none-eabi/12.2.1/../../../../arm-none-eabi/lib/thumb/v7e-m/nofp\libg_nano.a(libc_a-nano-svfprintf.o) (_printf_i)
c:/users/admin/appdata/roaming/xpacks/@xpack-dev-tools/arm-none-eabi-gcc/12.2.1-1.2.1/.content/bin/../lib/gcc/arm-none-eabi/12.2.1/../../../../arm-none-eabi/lib/thumb/v7e-m/nofp\libg_nano.a(libc_a-memmove.o)
                              c:/users/admin/appdata/roaming/xpacks/@xpack-dev-tools/arm-none-eabi-gcc/12.2.1-1.2.1/.content/bin/../lib/gcc/arm-none-eabi/12.2.1/../../../../arm-none-eabi/lib/thumb/v7e-m/nofp\libg_nano.a(libc_a-nano-svfprintf.o) (memmove)
c:/users/admin/appdata/roaming/xpacks/@xpack-dev-tools/arm-none-eabi-gcc/12.2.1-1.2.1/.content/bin/../lib/gcc/arm-none-eabi/12.2.1/../../../../arm-none-eabi/lib/thumb/v7e-m/nofp\libg_nano.a(libc_a-memchr.o)
                              c:/users/admin/appdata/roaming/xpacks/@xpack-dev-tools/arm-none-eabi-gcc/12.2.1-1.2.1/.content/bin/../lib/gcc/arm-none-eabi/12.2.1/../../../../arm-none-eabi/lib/thumb/v7e-m/nofp\libg_nano.a(libc_a-nano-svfprintf.o) (memchr)
c:/users/admin/appdata/roaming/xpacks/@xpack-dev-tools/arm-none-eabi-gcc/12.2.1-1.2.1/.content/bin/../lib/gcc/arm-none-eabi/12.2.1/../../../../arm-none-eabi/lib/thumb/v7e-m/nofp\libg_nano.a(libc_a-memcpy-stub.o)
                              c:/users/admin/appdata/roaming/xpacks/@xpack-dev-tools/arm-none-eabi-gcc/12.2.1-1.2.1/.content/bin/../lib/gcc/arm-none-eabi/12.2.1/../../../../arm-none-eabi/lib/thumb/v7e-m/nofp\libg_nano.a(libc_a-nano-svfprintf.o) (memcpy)
c:/users/admin/appdata/roaming/xpacks/@xpack-dev-tools/arm-none-eabi-gcc/12.2.1-1.2.1/.content/bin/../lib/gcc/arm-none-eabi/12.2.1/../../../../arm-none-eabi/lib/thumb/v7e-m/nofp\libg_nano.a(libc_a-freer.o)
[...]
Memory Configuration

Name             Origin             Length             Attributes
RAM              0x0000000020000000 0x0000000000020000 xrw
CCMRAM           0x0000000010000000 0x0000000000010000 xrw
FLASH            0x0000000008000000 0x0000000000100000 xr
FLASHB1          0x0000000000000000 0x0000000000000000 xr
EXTMEMB0         0x0000000000000000 0x0000000000000000 xr
EXTMEMB1         0x0000000000000000 0x0000000000000000 xr
EXTMEMB2         0x0000000000000000 0x0000000000000000 xr
EXTMEMB3         0x0000000000000000 0x0000000000000000 xr
MEMORY_ARRAY     0x0000000020002000 0x0000000000000020 xrw
*default*        0x0000000000000000 0xffffffffffffffff

Linker script and memory map

LOAD ./system/src/stm32f4-hal/stm32f4xx_hal.o
LOAD ./system/src/stm32f4-hal/stm32f4xx_hal_cortex.o
LOAD ./system/src/stm32f4-hal/stm32f4xx_hal_flash.o
LOAD ./system/src/stm32f4-hal/stm32f4xx_hal_flash_ex.o
LOAD ./system/src/stm32f4-hal/stm32f4xx_hal_flash_ramfunc.o
LOAD ./system/src/stm32f4-hal/stm32f4xx_hal_gpio.o
LOAD ./system/src/stm32f4-hal/stm32f4xx_hal_iwdg.o
LOAD ./system/src/stm32f4-hal/stm32f4xx_hal_pwr.o
LOAD ./system/src/stm32f4-hal/stm32f4xx_hal_rcc.o
LOAD ./system/src/newlib/assert.o
LOAD ./system/src/newlib/cxx.o
LOAD ./system/src/newlib/exit.o
LOAD ./system/src/newlib/sbrk.o
LOAD ./system/src/newlib/startup.o
LOAD ./system/src/newlib/syscalls.o
LOAD ./system/src/diag/trace-impl.o
LOAD ./system/src/diag/trace.o
LOAD ./system/src/cortexm/exception-handlers.o
LOAD ./system/src/cortexm/initialize-hardware.o
LOAD ./system/src/cortexm/reset-hardware.o
LOAD ./system/src/cmsis/system_stm32f4xx.o
LOAD ./system/src/cmsis/vectors_stm32f407xx.o
LOAD ./src/initialize-hardware.o
LOAD ./src/led.o
LOAD ./src/main.o
LOAD ./src/stm32f4xx_adc.o
LOAD ./src/stm32f4xx_hal_msp.o
LOAD ./src/timer.o
LOAD ./src/write.o
LOAD c:/users/admin/appdata/roaming/xpacks/@xpack-dev-tools/arm-none-eabi-gcc/12.2.1-1.2.1/.content/bin/../lib/gcc/arm-none-eabi/12.2.1/../../../../arm-none-eabi/lib/thumb/v7e-m/nofp\libstdc++_nano.a
LOAD c:/users/admin/appdata/roaming/xpacks/@xpack-dev-tools/arm-none-eabi-gcc/12.2.1-1.2.1/.content/bin/../lib/gcc/arm-none-eabi/12.2.1/../../../../arm-none-eabi/lib/thumb/v7e-m/nofp\libm.a
START GROUP
LOAD c:/users/admin/appdata/roaming/xpacks/@xpack-dev-tools/arm-none-eabi-gcc/12.2.1-1.2.1/.content/bin/../lib/gcc/arm-none-eabi/12.2.1/thumb/v7e-m/nofp\libgcc.a
LOAD c:/users/admin/appdata/roaming/xpacks/@xpack-dev-tools/arm-none-eabi-gcc/12.2.1-1.2.1/.content/bin/../lib/gcc/arm-none-eabi/12.2.1/../../../../arm-none-eabi/lib/thumb/v7e-m/nofp\libg_nano.a
LOAD c:/users/admin/appdata/roaming/xpacks/@xpack-dev-tools/arm-none-eabi-gcc/12.2.1-1.2.1/.content/bin/../lib/gcc/arm-none-eabi/12.2.1/../../../../arm-none-eabi/lib/thumb/v7e-m/nofp\libc_nano.a
END GROUP
START GROUP
LOAD c:/users/admin/appdata/roaming/xpacks/@xpack-dev-tools/arm-none-eabi-gcc/12.2.1-1.2.1/.content/bin/../lib/gcc/arm-none-eabi/12.2.1/thumb/v7e-m/nofp\libgcc.a
LOAD c:/users/admin/appdata/roaming/xpacks/@xpack-dev-tools/arm-none-eabi-gcc/12.2.1-1.2.1/.content/bin/../lib/gcc/arm-none-eabi/12.2.1/../../../../arm-none-eabi/lib/thumb/v7e-m/nofp\libc_nano.a
END GROUP
                0x0000000020020000                __stack = (ORIGIN (RAM) + LENGTH (RAM))
                0x0000000020020000                _estack = __stack
                0x0000000000000400                __Main_Stack_Size = 0x400
                [!provide]                        PROVIDE (_Main_Stack_Size = __Main_Stack_Size)
                0x000000002001fc00                __Main_Stack_Limit = (__stack - __Main_Stack_Size)
                [!provide]                        PROVIDE (_Main_Stack_Limit = __Main_Stack_Limit)
                0x0000000000000100                _Minimum_Stack_Size = 0x100
                0x000000002000013c                PROVIDE (_Heap_Begin = _end_noinit)
                0x000000002001fc00                PROVIDE (_Heap_Limit = (__stack - __Main_Stack_Size))

.isr_vector     0x0000000008000000      0x3e8
 FILL mask 0xff
                0x0000000008000000                __vectors_start = ABSOLUTE (.)
                0x0000000008000000                __vectors_start__ = ABSOLUTE (.)
 *(.isr_vector)
 .isr_vector    0x0000000008000000      0x188 ./system/src/cmsis/vectors_stm32f407xx.o
                0x0000000008000000                __isr_vectors
 *(.cfmconfig)
 *(.after_vectors .after_vectors.*)
 .after_vectors
                0x0000000008000188      0x130 ./system/src/newlib/startup.o
                0x0000000008000188                _start
 .after_vectors
                0x00000000080002b8      0x12c ./system/src/cortexm/exception-handlers.o
                0x00000000080002b8                Reset_Handler
                0x00000000080002be                NMI_Handler
                0x00000000080002c2                HardFault_Handler
                0x00000000080002d6                HardFault_Handler_C
                0x0000000008000334                MemManage_Handler
                0x0000000008000338                BusFault_Handler
                0x000000000800034c                BusFault_Handler_C
                0x0000000008000380                UsageFault_Handler
                0x0000000008000394                UsageFault_Handler_C
                0x00000000080003c8                SVC_Handler
                0x00000000080003cc                DebugMon_Handler
                0x00000000080003d0                PendSV_Handler
 .after_vectors
                0x00000000080003e4        0x4 ./system/src/cmsis/vectors_stm32f407xx.o
                0x00000000080003e4                RTC_Alarm_IRQHandler
                0x00000000080003e4                HASH_RNG_IRQHandler
                0x00000000080003e4                EXTI2_IRQHandler
                0x00000000080003e4                TIM8_CC_IRQHandler
                0x00000000080003e4                TIM1_CC_IRQHandler
                0x00000000080003e4                DMA2_Stream5_IRQHandler
                0x00000000080003e4                DMA1_Stream5_IRQHandler
                0x00000000080003e4                PVD_IRQHandler
                0x00000000080003e4                SDIO_IRQHandler
                0x00000000080003e4                TAMP_STAMP_IRQHandler
                0x00000000080003e4                CAN2_RX1_IRQHandler
                0x00000000080003e4                EXTI3_IRQHandler
                0x00000000080003e4                TIM8_TRG_COM_TIM14_IRQHandler
                0x00000000080003e4                TIM1_UP_TIM10_IRQHandler
                0x00000000080003e4                TIM8_UP_TIM13_IRQHandler
                0x00000000080003e4                I2C3_ER_IRQHandler
                0x00000000080003e4                EXTI0_IRQHandler
                0x00000000080003e4                I2C2_EV_IRQHandler
                0x00000000080003e4                DMA1_Stream2_IRQHandler
                0x00000000080003e4                CAN1_RX0_IRQHandler
                0x00000000080003e4                FPU_IRQHandler
                0x00000000080003e4                OTG_HS_WKUP_IRQHandler
                0x00000000080003e4                CAN2_SCE_IRQHandler
                0x00000000080003e4                DMA2_Stream2_IRQHandler
                0x00000000080003e4                SPI1_IRQHandler
                0x00000000080003e4                TIM6_DAC_IRQHandler
                0x00000000080003e4                TIM1_BRK_TIM9_IRQHandler
                0x00000000080003e4                DCMI_IRQHandler
                0x00000000080003e4                CAN2_RX0_IRQHandler
                0x00000000080003e4                DMA2_Stream3_IRQHandler
                0x00000000080003e4                USART6_IRQHandler
                0x00000000080003e4                USART3_IRQHandler
                0x00000000080003e4                CAN1_RX1_IRQHandler
                0x00000000080003e4                UART5_IRQHandler
                0x00000000080003e4                DMA2_Stream0_IRQHandler
                0x00000000080003e4                TIM4_IRQHandler
                0x00000000080003e4                I2C1_EV_IRQHandler
                0x00000000080003e4                DMA1_Stream6_IRQHandler
                0x00000000080003e4                DMA1_Stream1_IRQHandler
                0x00000000080003e4                UART4_IRQHandler
                0x00000000080003e4                TIM3_IRQHandler
                0x00000000080003e4                RCC_IRQHandler
                0x00000000080003e4                TIM8_BRK_TIM12_IRQHandler
                0x00000000080003e4                Default_Handler
                0x00000000080003e4                EXTI15_10_IRQHandler
                0x00000000080003e4                ADC_IRQHandler
                0x00000000080003e4                DMA1_Stream7_IRQHandler
                0x00000000080003e4                TIM7_IRQHandler
                0x00000000080003e4                CAN2_TX_IRQHandler
                0x00000000080003e4                TIM5_IRQHandler
                0x00000000080003e4                DMA2_Stream7_IRQHandler
                0x00000000080003e4                I2C3_EV_IRQHandler
                0x00000000080003e4                EXTI9_5_IRQHandler
                0x00000000080003e4                RTC_WKUP_IRQHandler
                0x00000000080003e4                ETH_WKUP_IRQHandler
                0x00000000080003e4                SPI2_IRQHandler
                0x00000000080003e4                OTG_HS_EP1_IN_IRQHandler
                0x00000000080003e4                DMA1_Stream0_IRQHandler
                0x00000000080003e4                CAN1_TX_IRQHandler
                0x00000000080003e4                EXTI4_IRQHandler
                0x00000000080003e4                ETH_IRQHandler
                0x00000000080003e4                OTG_HS_EP1_OUT_IRQHandler
                0x00000000080003e4                WWDG_IRQHandler
                0x00000000080003e4                TIM2_IRQHandler
                0x00000000080003e4                OTG_FS_WKUP_IRQHandler
                0x00000000080003e4                TIM1_TRG_COM_TIM11_IRQHandler
                0x00000000080003e4                OTG_HS_IRQHandler
                0x00000000080003e4                EXTI1_IRQHandler
                0x00000000080003e4                USART2_IRQHandler
                0x00000000080003e4                I2C2_ER_IRQHandler
                0x00000000080003e4                DMA2_Stream1_IRQHandler
                0x00000000080003e4                CAN1_SCE_IRQHandler
                0x00000000080003e4                FLASH_IRQHandler
                0x00000000080003e4                DMA2_Stream4_IRQHandler
                0x00000000080003e4                USART1_IRQHandler
                0x00000000080003e4                OTG_FS_IRQHandler
                0x00000000080003e4                SPI3_IRQHandler
                0x00000000080003e4                DMA1_Stream4_IRQHandler
                0x00000000080003e4                I2C1_ER_IRQHandler
                0x00000000080003e4                FMC_IRQHandler
                0x00000000080003e4                DMA2_Stream6_IRQHandler
                0x00000000080003e4                DMA1_Stream3_IRQHandler

.inits          0x00000000080003e8       0x28
                0x00000000080003e8                __data_regions_array_start = .
                0x00000000080003e8        0x4 LONG 0x800263c LOADADDR (.data)
                0x00000000080003ec        0x4 LONG 0x20000000 ADDR (.data)
                0x00000000080003f0        0x4 LONG 0x20000094 (ADDR (.data) + SIZEOF (.data))
                0x00000000080003f4        0x4 LONG 0x800263c LOADADDR (.data_CCMRAM)
                0x00000000080003f8        0x4 LONG 0x10000000 ADDR (.data_CCMRAM)
                0x00000000080003fc        0x4 LONG 0x10000000 (ADDR (.data_CCMRAM) + SIZEOF (.data_CCMRAM))
                0x0000000008000400                __data_regions_array_end = .
                0x0000000008000400                __bss_regions_array_start = .
                0x0000000008000400        0x4 LONG 0x20000094 ADDR (.bss)
                0x0000000008000404        0x4 LONG 0x2000013c (ADDR (.bss) + SIZEOF (.bss))
                0x0000000008000408        0x4 LONG 0x10000000 ADDR (.bss_CCMRAM)
                0x000000000800040c        0x4 LONG 0x10000000 (ADDR (.bss_CCMRAM) + SIZEOF (.bss_CCMRAM))
                0x0000000008000410                __bss_regions_array_end = .
 *(.init)
 *(.fini)
                0x0000000008000410                . = ALIGN (0x4)
                0x0000000008000410                PROVIDE (__preinit_array_start = .)
 *(.preinit_array_sysinit .preinit_array_sysinit.*)
 *(.preinit_array_platform .preinit_array_platform.*)
 *(.preinit_array .preinit_array.*)
                0x0000000008000410                PROVIDE (__preinit_array_end = .)
                0x0000000008000410                . = ALIGN (0x4)
                0x0000000008000410                PROVIDE (__init_array_start = .)
 *(SORT_BY_NAME(.init_array.*))
 *(.init_array)
                0x0000000008000410                PROVIDE (__init_array_end = .)
                0x0000000008000410                . = ALIGN (0x4)
                0x0000000008000410                PROVIDE (__fini_array_start = .)
 *(SORT_BY_NAME(.fini_array.*))
 *(.fini_array)
                0x0000000008000410                PROVIDE (__fini_array_end = .)

.flashtext
 *(.flashtext .flashtext.*)

.text           0x0000000008000410     0x2223
 *(.text .text.*)
 .text.HAL_InitTick
                0x0000000008000410       0x4c ./system/src/stm32f4-hal/stm32f4xx_hal.o
                0x0000000008000410                HAL_InitTick
 .text.HAL_Init
                0x000000000800045c       0x34 ./system/src/stm32f4-hal/stm32f4xx_hal.o
                0x000000000800045c                HAL_Init
 .text.HAL_IncTick
                0x0000000008000490       0x18 ./system/src/stm32f4-hal/stm32f4xx_hal.o
                0x0000000008000490                HAL_IncTick
 .text.HAL_GetTick
                0x00000000080004a8        0xc ./system/src/stm32f4-hal/stm32f4xx_hal.o
                0x00000000080004a8                HAL_GetTick
 .text.__NVIC_SetPriority
                0x00000000080004b4       0x28 ./system/src/stm32f4-hal/stm32f4xx_hal_cortex.o
 .text.NVIC_EncodePriority
                0x00000000080004dc       0x3e ./system/src/stm32f4-hal/stm32f4xx_hal_cortex.o
 *fill*         0x000000000800051a        0x2 
 .text.HAL_NVIC_SetPriorityGrouping
                0x000000000800051c       0x3c ./system/src/stm32f4-hal/stm32f4xx_hal_cortex.o
                0x000000000800051c                HAL_NVIC_SetPriorityGrouping
 .text.HAL_NVIC_SetPriority
                0x0000000008000558       0x48 ./system/src/stm32f4-hal/stm32f4xx_hal_cortex.o
                0x0000000008000558                HAL_NVIC_SetPriority
 .text.HAL_SYSTICK_Config
                0x00000000080005a0       0x28 ./system/src/stm32f4-hal/stm32f4xx_hal_cortex.o
                0x00000000080005a0                HAL_SYSTICK_Config
 .text.HAL_SYSTICK_CLKSourceConfig
                0x00000000080005c8       0x34 ./system/src/stm32f4-hal/stm32f4xx_hal_cortex.o
                0x00000000080005c8                HAL_SYSTICK_CLKSourceConfig
 .text.HAL_GPIO_Init
                0x00000000080005fc      0x2dc ./system/src/stm32f4-hal/stm32f4xx_hal_gpio.o
                0x00000000080005fc                HAL_GPIO_Init
 .text.HAL_GPIO_WritePin
                0x00000000080008d8       0x38 ./system/src/stm32f4-hal/stm32f4xx_hal_gpio.o
                0x00000000080008d8                HAL_GPIO_WritePin
 .text.HAL_RCC_OscConfig
                0x0000000008000910      0x4f8 ./system/src/stm32f4-hal/stm32f4xx_hal_rcc.o
                0x0000000008000910                HAL_RCC_OscConfig
 .text.HAL_RCC_GetSysClockFreq
                0x0000000008000e08       0xdc ./system/src/stm32f4-hal/stm32f4xx_hal_rcc.o
                0x0000000008000e08                HAL_RCC_GetSysClockFreq
 .text.HAL_RCC_ClockConfig
                0x0000000008000ee4      0x224 ./system/src/stm32f4-hal/stm32f4xx_hal_rcc.o
                0x0000000008000ee4                HAL_RCC_ClockConfig
 .text.HAL_RCC_GetHCLKFreq
                0x0000000008001108        0xc ./system/src/stm32f4-hal/stm32f4xx_hal_rcc.o
                0x0000000008001108                HAL_RCC_GetHCLKFreq
 .text._exit    0x0000000008001114        0x2 ./system/src/newlib/exit.o
                0x0000000008001114                _exit
 *fill*         0x0000000008001116        0x2 
 .text._sbrk    0x0000000008001118       0x44 ./system/src/newlib/sbrk.o
                0x0000000008001118                _sbrk
 .text.__initialize_args
                0x000000000800115c       0x10 ./system/src/newlib/syscalls.o
                0x000000000800115c                __initialize_args
 .text._trace_write_semihosting_debug
                0x000000000800116c       0x62 ./system/src/diag/trace-impl.o
 .text.trace_write
                0x00000000080011ce        0x8 ./system/src/diag/trace-impl.o
                0x00000000080011ce                trace_write
 *fill*         0x00000000080011d6        0x2 
 .text.trace_printf
                0x00000000080011d8       0x34 ./system/src/diag/trace.o
                0x00000000080011d8                trace_printf
 .text.trace_puts
                0x000000000800120c       0x20 ./system/src/diag/trace.o
                0x000000000800120c                trace_puts
 .text.dumpExceptionStack
                0x000000000800122c       0xf4 ./system/src/cortexm/exception-handlers.o
                0x000000000800122c                dumpExceptionStack
 .text.isSemihosting
                0x0000000008001320       0x20 ./system/src/cortexm/exception-handlers.o
                0x0000000008001320                isSemihosting
 .text.__initialize_hardware_early
                0x0000000008001340       0x18 ./system/src/cortexm/initialize-hardware.o
                0x0000000008001340                __initialize_hardware_early
 .text.SystemInit
                0x0000000008001358       0x10 ./system/src/cmsis/system_stm32f4xx.o
                0x0000000008001358                SystemInit
 .text.SystemCoreClockUpdate
                0x0000000008001368       0xa0 ./system/src/cmsis/system_stm32f4xx.o
                0x0000000008001368                SystemCoreClockUpdate
 .text.SystemClock_Config
                0x0000000008001408       0xa0 ./src/initialize-hardware.o
                0x0000000008001408                SystemClock_Config
 .text.__initialize_hardware
                0x00000000080014a8       0x10 ./src/initialize-hardware.o
                0x00000000080014a8                __initialize_hardware
 .text.assert_failed
                0x00000000080014b8       0x14 ./src/initialize-hardware.o
                0x00000000080014b8                assert_failed
 .text.blink_led_on
                0x00000000080014cc       0x14 ./src/led.o
                0x00000000080014cc                blink_led_on
 .text.blink_led_off
                0x00000000080014e0       0x14 ./src/led.o
                0x00000000080014e0                blink_led_off
 .text.blink_led_init
                0x00000000080014f4       0x38 ./src/led.o
                0x00000000080014f4                blink_led_init
 .text.main     0x000000000800152c       0xa8 ./src/main.o
                0x000000000800152c                main
 .text.HAL_MspInit
                0x00000000080015d4        0x2 ./src/stm32f4xx_hal_msp.o
                0x00000000080015d4                HAL_MspInit
 *fill*         0x00000000080015d6        0x2 
 .text.timer_start
                0x00000000080015d8       0x38 ./src/timer.o
                0x00000000080015d8                timer_start
 .text.timer_sleep
                0x0000000008001610       0x14 ./src/timer.o
                0x0000000008001610                timer_sleep
 .text.timer_tick
                0x0000000008001624       0x14 ./src/timer.o
                0x0000000008001624                timer_tick
 .text.SysTick_Handler
                0x0000000008001638        0xc ./src/timer.o
                0x0000000008001638                SysTick_Handler
 .text          0x0000000008001644       0x30 c:/users/admin/appdata/roaming/xpacks/@xpack-dev-tools/arm-none-eabi-gcc/12.2.1-1.2.1/.content/bin/../lib/gcc/arm-none-eabi/12.2.1/thumb/v7e-m/nofp\libgcc.a(_aeabi_uldivmod.o)
                0x0000000008001644                __aeabi_uldivmod
 .text.__udivmoddi4
                0x0000000008001674      0x2bc c:/users/admin/appdata/roaming/xpacks/@xpack-dev-tools/arm-none-eabi-gcc/12.2.1-1.2.1/.content/bin/../lib/gcc/arm-none-eabi/12.2.1/thumb/v7e-m/nofp\libgcc.a(_udivmoddi4.o)
                0x0000000008001674                __udivmoddi4
 .text          0x0000000008001930        0x4 c:/users/admin/appdata/roaming/xpacks/@xpack-dev-tools/arm-none-eabi-gcc/12.2.1-1.2.1/.content/bin/../lib/gcc/arm-none-eabi/12.2.1/thumb/v7e-m/nofp\libgcc.a(_dvmd_tls.o)
                0x0000000008001930                __aeabi_idiv0
                0x0000000008001930                __aeabi_ldiv0
 .text._vsnprintf_r
                0x0000000008001934       0x56 c:/users/admin/appdata/roaming/xpacks/@xpack-dev-tools/arm-none-eabi-gcc/12.2.1-1.2.1/.content/bin/../lib/gcc/arm-none-eabi/12.2.1/../../../../arm-none-eabi/lib/thumb/v7e-m/nofp\libg_nano.a(libc_a-vsnprintf.o)
                0x0000000008001934                _vsniprintf_r
                0x0000000008001934                _vsnprintf_r
 *fill*         0x000000000800198a        0x2 
 .text.vsnprintf
                0x000000000800198c       0x1c c:/users/admin/appdata/roaming/xpacks/@xpack-dev-tools/arm-none-eabi-gcc/12.2.1-1.2.1/.content/bin/../lib/gcc/arm-none-eabi/12.2.1/../../../../arm-none-eabi/lib/thumb/v7e-m/nofp\libg_nano.a(libc_a-vsnprintf.o)
                0x000000000800198c                vsniprintf
                0x000000000800198c                vsnprintf
 .text.__errno  0x00000000080019a8        0xc c:/users/admin/appdata/roaming/xpacks/@xpack-dev-tools/arm-none-eabi-gcc/12.2.1-1.2.1/.content/bin/../lib/gcc/arm-none-eabi/12.2.1/../../../../arm-none-eabi/lib/thumb/v7e-m/nofp\libg_nano.a(libc_a-errno.o)
                0x00000000080019a8                __errno
 .text          0x00000000080019b4       0x10 c:/users/admin/appdata/roaming/xpacks/@xpack-dev-tools/arm-none-eabi-gcc/12.2.1-1.2.1/.content/bin/../lib/gcc/arm-none-eabi/12.2.1/../../../../arm-none-eabi/lib/thumb/v7e-m/nofp\libg_nano.a(libc_a-strlen.o)
                0x00000000080019b4                strlen
 .text.__ssputs_r
                0x00000000080019c4       0xb6 c:/users/admin/appdata/roaming/xpacks/@xpack-dev-tools/arm-none-eabi-gcc/12.2.1-1.2.1/.content/bin/../lib/gcc/arm-none-eabi/12.2.1/../../../../arm-none-eabi/lib/thumb/v7e-m/nofp\libg_nano.a(libc_a-nano-svfprintf.o)
                0x00000000080019c4                __ssputs_r
 *fill*         0x0000000008001a7a        0x2 
 .text._svfprintf_r
                0x0000000008001a7c      0x1f8 c:/users/admin/appdata/roaming/xpacks/@xpack-dev-tools/arm-none-eabi-gcc/12.2.1-1.2.1/.content/bin/../lib/gcc/arm-none-eabi/12.2.1/../../../../arm-none-eabi/lib/thumb/v7e-m/nofp\libg_nano.a(libc_a-nano-svfprintf.o)
                0x0000000008001a7c                _svfiprintf_r
                0x0000000008001a7c                _svfprintf_r
 .text._printf_common
                0x0000000008001c74       0xda c:/users/admin/appdata/roaming/xpacks/@xpack-dev-tools/arm-none-eabi-gcc/12.2.1-1.2.1/.content/bin/../lib/gcc/arm-none-eabi/12.2.1/../../../../arm-none-eabi/lib/thumb/v7e-m/nofp\libg_nano.a(libc_a-nano-vfprintf_i.o)
                0x0000000008001c74                _printf_common
 *fill*         0x0000000008001d4e        0x2 
 .text._printf_i
                0x0000000008001d50      0x258 c:/users/admin/appdata/roaming/xpacks/@xpack-dev-tools/arm-none-eabi-gcc/12.2.1-1.2.1/.content/bin/../lib/gcc/arm-none-eabi/12.2.1/../../../../arm-none-eabi/lib/thumb/v7e-m/nofp\libg_nano.a(libc_a-nano-vfprintf_i.o)
                0x0000000008001d50                _printf_i
 .text.memmove  0x0000000008001fa8       0x34 c:/users/admin/appdata/roaming/xpacks/@xpack-dev-tools/arm-none-eabi-gcc/12.2.1-1.2.1/.content/bin/../lib/gcc/arm-none-eabi/12.2.1/../../../../arm-none-eabi/lib/thumb/v7e-m/nofp\libg_nano.a(libc_a-memmove.o)
                0x0000000008001fa8                memmove
 *fill*         0x0000000008001fdc        0x4 
 .text          0x0000000008001fe0       0xa0 c:/users/admin/appdata/roaming/xpacks/@xpack-dev-tools/arm-none-eabi-gcc/12.2.1-1.2.1/.content/bin/../lib/gcc/arm-none-eabi/12.2.1/../../../../arm-none-eabi/lib/thumb/v7e-m/nofp\libg_nano.a(libc_a-memchr.o)
                0x0000000008001fe0                memchr
 .text.memcpy   0x0000000008002080       0x1c c:/users/admin/appdata/roaming/xpacks/@xpack-dev-tools/arm-none-eabi-gcc/12.2.1-1.2.1/.content/bin/../lib/gcc/arm-none-eabi/12.2.1/../../../../arm-none-eabi/lib/thumb/v7e-m/nofp\libg_nano.a(libc_a-memcpy-stub.o)
                0x0000000008002080                memcpy
 .text._free_r  0x000000000800209c       0x94 c:/users/admin/appdata/roaming/xpacks/@xpack-dev-tools/arm-none-eabi-gcc/12.2.1-1.2.1/.content/bin/../lib/gcc/arm-none-eabi/12.2.1/../../../../arm-none-eabi/lib/thumb/v7e-m/nofp\libg_nano.a(libc_a-freer.o)
                0x000000000800209c                _free_r
 .text.sbrk_aligned
                0x0000000008002130       0x44 c:/users/admin/appdata/roaming/xpacks/@xpack-dev-tools/arm-none-eabi-gcc/12.2.1-1.2.1/.content/bin/../lib/gcc/arm-none-eabi/12.2.1/../../../../arm-none-eabi/lib/thumb/v7e-m/nofp\libg_nano.a(libc_a-mallocr.o)
 .text._malloc_r
                0x0000000008002174       0xf0 c:/users/admin/appdata/roaming/xpacks/@xpack-dev-tools/arm-none-eabi-gcc/12.2.1-1.2.1/.content/bin/../lib/gcc/arm-none-eabi/12.2.1/../../../../arm-none-eabi/lib/thumb/v7e-m/nofp\libg_nano.a(libc_a-mallocr.o)
                0x0000000008002174                _malloc_r
 .text.__malloc_lock
                0x0000000008002264        0xc c:/users/admin/appdata/roaming/xpacks/@xpack-dev-tools/arm-none-eabi-gcc/12.2.1-1.2.1/.content/bin/../lib/gcc/arm-none-eabi/12.2.1/../../../../arm-none-eabi/lib/thumb/v7e-m/nofp\libg_nano.a(libc_a-mlock.o)
                0x0000000008002264                __malloc_lock
 .text.__malloc_unlock
                0x0000000008002270        0xc c:/users/admin/appdata/roaming/xpacks/@xpack-dev-tools/arm-none-eabi-gcc/12.2.1-1.2.1/.content/bin/../lib/gcc/arm-none-eabi/12.2.1/../../../../arm-none-eabi/lib/thumb/v7e-m/nofp\libg_nano.a(libc_a-mlock.o)
                0x0000000008002270                __malloc_unlock
 .text._realloc_r
                0x000000000800227c       0x5c c:/users/admin/appdata/roaming/xpacks/@xpack-dev-tools/arm-none-eabi-gcc/12.2.1-1.2.1/.content/bin/../lib/gcc/arm-none-eabi/12.2.1/../../../../arm-none-eabi/lib/thumb/v7e-m/nofp\libg_nano.a(libc_a-reallocr.o)
                0x000000000800227c                _realloc_r
 .text._sbrk_r  0x00000000080022d8       0x20 c:/users/admin/appdata/roaming/xpacks/@xpack-dev-tools/arm-none-eabi-gcc/12.2.1-1.2.1/.content/bin/../lib/gcc/arm-none-eabi/12.2.1/../../../../arm-none-eabi/lib/thumb/v7e-m/nofp\libg_nano.a(libc_a-sbrkr.o)
                0x00000000080022d8                _sbrk_r
 .text.__retarget_lock_acquire_recursive
                0x00000000080022f8        0x2 c:/users/admin/appdata/roaming/xpacks/@xpack-dev-tools/arm-none-eabi-gcc/12.2.1-1.2.1/.content/bin/../lib/gcc/arm-none-eabi/12.2.1/../../../../arm-none-eabi/lib/thumb/v7e-m/nofp\libg_nano.a(libc_a-lock.o)
                0x00000000080022f8                __retarget_lock_acquire_recursive
 .text.__retarget_lock_release_recursive
                0x00000000080022fa        0x2 c:/users/admin/appdata/roaming/xpacks/@xpack-dev-tools/arm-none-eabi-gcc/12.2.1-1.2.1/.content/bin/../lib/gcc/arm-none-eabi/12.2.1/../../../../arm-none-eabi/lib/thumb/v7e-m/nofp\libg_nano.a(libc_a-lock.o)
                0x00000000080022fa                __retarget_lock_release_recursive
 .text._malloc_usable_size_r
                0x00000000080022fc       0x10 c:/users/admin/appdata/roaming/xpacks/@xpack-dev-tools/arm-none-eabi-gcc/12.2.1-1.2.1/.content/bin/../lib/gcc/arm-none-eabi/12.2.1/../../../../arm-none-eabi/lib/thumb/v7e-m/nofp\libg_nano.a(libc_a-msizer.o)
                0x00000000080022fc                _malloc_usable_size_r
 *(.rodata .rodata.* .constdata .constdata.*)
 .rodata.HAL_NVIC_SetPriorityGrouping.str1.4
                0x000000000800230c       0x31 ./system/src/stm32f4-hal/stm32f4xx_hal_cortex.o
 *fill*         0x000000000800233d        0x3 
 .rodata.HAL_GPIO_Init.str1.4
                0x0000000008002340       0x2f ./system/src/stm32f4-hal/stm32f4xx_hal_gpio.o
 *fill*         0x000000000800236f        0x1 
 .rodata.HAL_RCC_OscConfig.str1.4
                0x0000000008002370       0x2e ./system/src/stm32f4-hal/stm32f4xx_hal_rcc.o
 .rodata.trace_puts.str1.4
                0x000000000800239e       0x2e ./system/src/diag/trace.o
                                          0x2 (size before relaxing)
 *fill*         0x000000000800239e        0x2 
 .rodata.dumpExceptionStack.str1.4
                0x00000000080023a0      0x11a ./system/src/cortexm/exception-handlers.o
 *fill*         0x00000000080024ba        0x2 
 .rodata.str1.4
                0x00000000080024bc       0x2a ./system/src/cortexm/exception-handlers.o
 *fill*         0x00000000080024e6        0x2 
 .rodata.AHBPrescTable
                0x00000000080024e8       0x10 ./system/src/cmsis/system_stm32f4xx.o
                0x00000000080024e8                AHBPrescTable
 .rodata.assert_failed.str1.4
                0x00000000080024f8       0x2d ./src/initialize-hardware.o
 *fill*         0x0000000008002525        0x3 
 .rodata.main.str1.4
                0x0000000008002528       0xd8 ./src/main.o
 .rodata._svfprintf_r.str1.1
                0x0000000008002600       0x11 c:/users/admin/appdata/roaming/xpacks/@xpack-dev-tools/arm-none-eabi-gcc/12.2.1-1.2.1/.content/bin/../lib/gcc/arm-none-eabi/12.2.1/../../../../arm-none-eabi/lib/thumb/v7e-m/nofp\libg_nano.a(libc_a-nano-svfprintf.o)
 .rodata._printf_i.str1.1
                0x0000000008002611       0x22 c:/users/admin/appdata/roaming/xpacks/@xpack-dev-tools/arm-none-eabi-gcc/12.2.1-1.2.1/.content/bin/../lib/gcc/arm-none-eabi/12.2.1/../../../../arm-none-eabi/lib/thumb/v7e-m/nofp\libg_nano.a(libc_a-nano-vfprintf_i.o)
 *(vtable)
 *(.eh_frame*)
 *(.glue_7)
 .glue_7        0x0000000008002633        0x0 linker stubs
 *(.glue_7t)
 .glue_7t       0x0000000008002633        0x0 linker stubs

.vfp11_veneer   0x0000000008002634        0x0
 .vfp11_veneer  0x0000000008002634        0x0 linker stubs

.v4_bx          0x0000000008002634        0x0
 .v4_bx         0x0000000008002634        0x0 linker stubs

.iplt           0x0000000008002634        0x0
 .iplt          0x0000000008002634        0x0 ./system/src/stm32f4-hal/stm32f4xx_hal.o

.ARM.extab
 *(.ARM.extab* .gnu.linkonce.armextab.*)
                0x0000000008002634                . = ALIGN (0x4)
                0x0000000008002634                __exidx_start = .

.ARM.exidx      0x0000000008002634        0x8
 *(.ARM.exidx* .gnu.linkonce.armexidx.*)
 .ARM.exidx.text.__udivmoddi4
                0x0000000008002634        0x8 c:/users/admin/appdata/roaming/xpacks/@xpack-dev-tools/arm-none-eabi-gcc/12.2.1-1.2.1/.content/bin/../lib/gcc/arm-none-eabi/12.2.1/thumb/v7e-m/nofp\libgcc.a(_udivmoddi4.o)
                0x000000000800263c                __exidx_end = .

.rel.dyn        0x000000000800263c        0x0
 .rel.iplt      0x000000000800263c        0x0 ./system/src/stm32f4-hal/stm32f4xx_hal.o
                0x000000000800263c                . = ALIGN (0x4)
                0x000000000800263c                _etext = .
                0x000000000800263c                __etext = .

.data_CCMRAM    0x0000000010000000        0x0 load address 0x000000000800263c
 FILL mask 0xff
 *(.data.CCMRAM .data.CCMRAM.*)
                0x0000000010000000                . = ALIGN (0x4)
                0x000000000800263c                _sidata = LOADADDR (.data)

.data           0x0000000020000000       0x94 load address 0x000000000800263c
 FILL mask 0xff
                0x0000000020000000                _sdata = .
                0x0000000020000000                __data_start__ = .
 *(.data_begin .data_begin.*)
 .data_begin    0x0000000020000000        0x4 ./system/src/newlib/startup.o
 *(.data .data.*)
 .data.uwTickFreq
                0x0000000020000004        0x1 ./system/src/stm32f4-hal/stm32f4xx_hal.o
                0x0000000020000004                uwTickFreq
 *fill*         0x0000000020000005        0x3 ff
 .data.uwTickPrio
                0x0000000020000008        0x4 ./system/src/stm32f4-hal/stm32f4xx_hal.o
                0x0000000020000008                uwTickPrio
 .data.argv.1   0x000000002000000c        0x8 ./system/src/newlib/syscalls.o
 .data.SystemCoreClock
                0x0000000020000014        0x4 ./system/src/cmsis/system_stm32f4xx.o
                0x0000000020000014                SystemCoreClock
 .data.temperature
                0x0000000020000018       0x28 ./src/main.o
                0x0000000020000018                temperature
 .data._impure_ptr
                0x0000000020000040        0x4 c:/users/admin/appdata/roaming/xpacks/@xpack-dev-tools/arm-none-eabi-gcc/12.2.1-1.2.1/.content/bin/../lib/gcc/arm-none-eabi/12.2.1/../../../../arm-none-eabi/lib/thumb/v7e-m/nofp\libg_nano.a(libc_a-impure.o)
                0x0000000020000040                _impure_ptr
 .data._impure_data
                0x0000000020000044       0x4c c:/users/admin/appdata/roaming/xpacks/@xpack-dev-tools/arm-none-eabi-gcc/12.2.1-1.2.1/.content/bin/../lib/gcc/arm-none-eabi/12.2.1/../../../../arm-none-eabi/lib/thumb/v7e-m/nofp\libg_nano.a(libc_a-impure.o)
                0x0000000020000044                _impure_data
 *(.data_end .data_end.*)
 .data_end      0x0000000020000090        0x4 ./system/src/newlib/startup.o
                0x0000000020000094                . = ALIGN (0x4)
                0x0000000020000094                _edata = .
                0x0000000020000094                __data_end__ = .

.igot.plt       0x0000000020000094        0x0 load address 0x00000000080026d0
 .igot.plt      0x0000000020000094        0x0 ./system/src/stm32f4-hal/stm32f4xx_hal.o

.bss_CCMRAM     0x0000000010000000        0x0
 *(.bss.CCMRAM .bss.CCMRAM.*)

.bss            0x0000000020000094       0xa8
                0x0000000020000094                __bss_start__ = .
                0x0000000020000094                _sbss = .
 *(.bss_begin .bss_begin.*)
 .bss_begin     0x0000000020000094        0x4 ./system/src/newlib/startup.o
 *(.bss .bss.*)
 .bss.uwTick    0x0000000020000098        0x4 ./system/src/stm32f4-hal/stm32f4xx_hal.o
                0x0000000020000098                uwTick
 .bss.current_heap_end.0
                0x000000002000009c        0x4 ./system/src/newlib/sbrk.o
 .bss.name.0    0x00000000200000a0        0x1 ./system/src/newlib/syscalls.o
 *fill*         0x00000000200000a1        0x3 
 .bss.errno     0x00000000200000a4        0x4 ./system/src/newlib/syscalls.o
                0x00000000200000a4                errno
 .bss.buf.0     0x00000000200000a8       0x80 ./system/src/diag/trace.o
 .bss.timer_delayCount
                0x0000000020000128        0x4 ./src/timer.o
                0x0000000020000128                timer_delayCount
 .bss.__malloc_sbrk_start
                0x000000002000012c        0x4 c:/users/admin/appdata/roaming/xpacks/@xpack-dev-tools/arm-none-eabi-gcc/12.2.1-1.2.1/.content/bin/../lib/gcc/arm-none-eabi/12.2.1/../../../../arm-none-eabi/lib/thumb/v7e-m/nofp\libg_nano.a(libc_a-mallocr.o)
                0x000000002000012c                __malloc_sbrk_start
 .bss.__malloc_free_list
                0x0000000020000130        0x4 c:/users/admin/appdata/roaming/xpacks/@xpack-dev-tools/arm-none-eabi-gcc/12.2.1-1.2.1/.content/bin/../lib/gcc/arm-none-eabi/12.2.1/../../../../arm-none-eabi/lib/thumb/v7e-m/nofp\libg_nano.a(libc_a-mallocr.o)
                0x0000000020000130                __malloc_free_list
 .bss.__lock___malloc_recursive_mutex
                0x0000000020000134        0x1 c:/users/admin/appdata/roaming/xpacks/@xpack-dev-tools/arm-none-eabi-gcc/12.2.1-1.2.1/.content/bin/../lib/gcc/arm-none-eabi/12.2.1/../../../../arm-none-eabi/lib/thumb/v7e-m/nofp\libg_nano.a(libc_a-lock.o)
                0x0000000020000134                __lock___malloc_recursive_mutex
 *(COMMON)
 *(.bss_end .bss_end.*)
 *fill*         0x0000000020000135        0x3 
 .bss_end       0x0000000020000138        0x4 ./system/src/newlib/startup.o
                0x000000002000013c                . = ALIGN (0x4)
                0x000000002000013c                __bss_end__ = .
                0x000000002000013c                _ebss = .

.noinit_CCMRAM
 *(.noinit.CCMRAM .noinit.CCMRAM.*)

.noinit         0x000000002000013c        0x0
                0x000000002000013c                _noinit = .
 *(.noinit .noinit.*)
                0x000000002000013c                . = ALIGN (0x4)
                0x000000002000013c                _end_noinit = .
                [!provide]                        PROVIDE (end = _end_noinit)
                [!provide]                        PROVIDE (_end = _end_noinit)
                [!provide]                        PROVIDE (__end = _end_noinit)
                [!provide]                        PROVIDE (__end__ = _end_noinit)

._check_stack   0x000000002000013c      0x100
                0x000000002000023c                . = (. + _Minimum_Stack_Size)
 *fill*         0x000000002000013c      0x100 

.b1text
 *(.b1text)
 *(.b1rodata)
 *(.b1rodata.*)

.eb0text
 *(.eb0text)
 *(.eb0rodata)
 *(.eb0rodata.*)

.eb1text
 *(.eb1text)
 *(.eb1rodata)
 *(.eb1rodata.*)

.eb2text
 *(.eb2text)
 *(.eb2rodata)
 *(.eb2rodata.*)

.eb3text
 *(.eb3text)
 *(.eb3rodata)
 *(.eb3rodata.*)

.stab
 *(.stab)

.stabstr
 *(.stabstr)

.stab.excl
 *(.stab.excl)

.stab.exclstr
 *(.stab.exclstr)

.stab.index
 *(.stab.index)

.stab.indexstr
 *(.stab.indexstr)

.comment        0x0000000000000000       0x39
 *(.comment)
 .comment       0x0000000000000000       0x39 ./system/src/stm32f4-hal/stm32f4xx_hal.o
                                         0x3a (size before relaxing)
 .comment       0x0000000000000039       0x3a ./system/src/stm32f4-hal/stm32f4xx_hal_cortex.o
 .comment       0x0000000000000039       0x3a ./system/src/stm32f4-hal/stm32f4xx_hal_gpio.o
 .comment       0x0000000000000039       0x3a ./system/src/stm32f4-hal/stm32f4xx_hal_rcc.o
 .comment       0x0000000000000039       0x3a ./system/src/newlib/exit.o
 .comment       0x0000000000000039       0x3a ./system/src/newlib/sbrk.o
 .comment       0x0000000000000039       0x3a ./system/src/newlib/startup.o
 .comment       0x0000000000000039       0x3a ./system/src/newlib/syscalls.o
 .comment       0x0000000000000039       0x3a ./system/src/diag/trace-impl.o
 .comment       0x0000000000000039       0x3a ./system/src/diag/trace.o
 .comment       0x0000000000000039       0x3a ./system/src/cortexm/exception-handlers.o
 .comment       0x0000000000000039       0x3a ./system/src/cortexm/initialize-hardware.o
 .comment       0x0000000000000039       0x3a ./system/src/cmsis/system_stm32f4xx.o
 .comment       0x0000000000000039       0x3a ./system/src/cmsis/vectors_stm32f407xx.o
 .comment       0x0000000000000039       0x3a ./src/initialize-hardware.o
 .comment       0x0000000000000039       0x3a ./src/led.o
 .comment       0x0000000000000039       0x3a ./src/main.o
 .comment       0x0000000000000039       0x3a ./src/stm32f4xx_hal_msp.o
 .comment       0x0000000000000039       0x3a ./src/timer.o
 .comment       0x0000000000000039       0x3a c:/users/admin/appdata/roaming/xpacks/@xpack-dev-tools/arm-none-eabi-gcc/12.2.1-1.2.1/.content/bin/../lib/gcc/arm-none-eabi/12.2.1/thumb/v7e-m/nofp\libgcc.a(_udivmoddi4.o)
 .comment       0x0000000000000039       0x3a c:/users/admin/appdata/roaming/xpacks/@xpack-dev-tools/arm-none-eabi-gcc/12.2.1-1.2.1/.content/bin/../lib/gcc/arm-none-eabi/12.2.1/../../../../arm-none-eabi/lib/thumb/v7e-m/nofp\libg_nano.a(libc_a-vsnprintf.o)
 .comment       0x0000000000000039       0x3a c:/users/admin/appdata/roaming/xpacks/@xpack-dev-tools/arm-none-eabi-gcc/12.2.1-1.2.1/.content/bin/../lib/gcc/arm-none-eabi/12.2.1/../../../../arm-none-eabi/lib/thumb/v7e-m/nofp\libg_nano.a(libc_a-impure.o)
 .comment       0x0000000000000039       0x3a c:/users/admin/appdata/roaming/xpacks/@xpack-dev-tools/arm-none-eabi-gcc/12.2.1-1.2.1/.content/bin/../lib/gcc/arm-none-eabi/12.2.1/../../../../arm-none-eabi/lib/thumb/v7e-m/nofp\libg_nano.a(libc_a-errno.o)
 .comment       0x0000000000000039       0x3a c:/users/admin/appdata/roaming/xpacks/@xpack-dev-tools/arm-none-eabi-gcc/12.2.1-1.2.1/.content/bin/../lib/gcc/arm-none-eabi/12.2.1/../../../../arm-none-eabi/lib/thumb/v7e-m/nofp\libg_nano.a(libc_a-nano-svfprintf.o)
 .comment       0x0000000000000039       0x3a c:/users/admin/appdata/roaming/xpacks/@xpack-dev-tools/arm-none-eabi-gcc/12.2.1-1.2.1/.content/bin/../lib/gcc/arm-none-eabi/12.2.1/../../../../arm-none-eabi/lib/thumb/v7e-m/nofp\libg_nano.a(libc_a-nano-vfprintf_i.o)
 .comment       0x0000000000000039       0x3a c:/users/admin/appdata/roaming/xpacks/@xpack-dev-tools/arm-none-eabi-gcc/12.2.1-1.2.1/.content/bin/../lib/gcc/arm-none-eabi/12.2.1/../../../../arm-none-eabi/lib/thumb/v7e-m/nofp\libg_nano.a(libc_a-memmove.o)
 .comment       0x0000000000000039       0x3a c:/users/admin/appdata/roaming/xpacks/@xpack-dev-tools/arm-none-eabi-gcc/12.2.1-1.2.1/.content/bin/../lib/gcc/arm-none-eabi/12.2.1/../../../../arm-none-eabi/lib/thumb/v7e-m/nofp\libg_nano.a(libc_a-memcpy-stub.o)
 .comment       0x0000000000000039       0x3a c:/users/admin/appdata/roaming/xpacks/@xpack-dev-tools/arm-none-eabi-gcc/12.2.1-1.2.1/.content/bin/../lib/gcc/arm-none-eabi/12.2.1/../../../../arm-none-eabi/lib/thumb/v7e-m/nofp\libg_nano.a(libc_a-freer.o)
 .comment       0x0000000000000039       0x3a c:/users/admin/appdata/roaming/xpacks/@xpack-dev-tools/arm-none-eabi-gcc/12.2.1-1.2.1/.content/bin/../lib/gcc/arm-none-eabi/12.2.1/../../../../arm-none-eabi/lib/thumb/v7e-m/nofp\libg_nano.a(libc_a-mallocr.o)
 .comment       0x0000000000000039       0x3a c:/users/admin/appdata/roaming/xpacks/@xpack-dev-tools/arm-none-eabi-gcc/12.2.1-1.2.1/.content/bin/../lib/gcc/arm-none-eabi/12.2.1/../../../../arm-none-eabi/lib/thumb/v7e-m/nofp\libg_nano.a(libc_a-mlock.o)
 .comment       0x0000000000000039       0x3a c:/users/admin/appdata/roaming/xpacks/@xpack-dev-tools/arm-none-eabi-gcc/12.2.1-1.2.1/.content/bin/../lib/gcc/arm-none-eabi/12.2.1/../../../../arm-none-eabi/lib/thumb/v7e-m/nofp\libg_nano.a(libc_a-reallocr.o)
 .comment       0x0000000000000039       0x3a c:/users/admin/appdata/roaming/xpacks/@xpack-dev-tools/arm-none-eabi-gcc/12.2.1-1.2.1/.content/bin/../lib/gcc/arm-none-eabi/12.2.1/../../../../arm-none-eabi/lib/thumb/v7e-m/nofp\libg_nano.a(libc_a-sbrkr.o)
 .comment       0x0000000000000039       0x3a c:/users/admin/appdata/roaming/xpacks/@xpack-dev-tools/arm-none-eabi-gcc/12.2.1-1.2.1/.content/bin/../lib/gcc/arm-none-eabi/12.2.1/../../../../arm-none-eabi/lib/thumb/v7e-m/nofp\libg_nano.a(libc_a-lock.o)
 .comment       0x0000000000000039       0x3a c:/users/admin/appdata/roaming/xpacks/@xpack-dev-tools/arm-none-eabi-gcc/12.2.1-1.2.1/.content/bin/../lib/gcc/arm-none-eabi/12.2.1/../../../../arm-none-eabi/lib/thumb/v7e-m/nofp\libg_nano.a(libc_a-msizer.o)

.ARM.attributes
                0x0000000000000000       0x2c
 .ARM.attributes
                0x0000000000000000       0x2e ./system/src/stm32f4-hal/stm32f4xx_hal.o
 .ARM.attributes
                0x000000000000002e       0x2e ./system/src/stm32f4-hal/stm32f4xx_hal_cortex.o
 .ARM.attributes
                0x000000000000005c       0x2e ./system/src/stm32f4-hal/stm32f4xx_hal_gpio.o
 .ARM.attributes
                0x000000000000008a       0x2e ./system/src/stm32f4-hal/stm32f4xx_hal_rcc.o
 .ARM.attributes
                0x00000000000000b8       0x2e ./system/src/newlib/exit.o
 .ARM.attributes
                0x00000000000000e6       0x2e ./system/src/newlib/sbrk.o
 .ARM.attributes
                0x0000000000000114       0x2e ./system/src/newlib/startup.o
 .ARM.attributes
                0x0000000000000142       0x2e ./system/src/newlib/syscalls.o
 .ARM.attributes
                0x0000000000000170       0x2e ./system/src/diag/trace-impl.o
 .ARM.attributes
                0x000000000000019e       0x2e ./system/src/diag/trace.o
 .ARM.attributes
                0x00000000000001cc       0x2e ./system/src/cortexm/exception-handlers.o
 .ARM.attributes
                0x00000000000001fa       0x2e ./system/src/cortexm/initialize-hardware.o
 .ARM.attributes
                0x0000000000000228       0x2e ./system/src/cmsis/system_stm32f4xx.o
 .ARM.attributes
                0x0000000000000256       0x2e ./system/src/cmsis/vectors_stm32f407xx.o
 .ARM.attributes
                0x0000000000000284       0x2e ./src/initialize-hardware.o
 .ARM.attributes
                0x00000000000002b2       0x2e ./src/led.o
 .ARM.attributes
                0x00000000000002e0       0x2e ./src/main.o
 .ARM.attributes
                0x000000000000030e       0x2e ./src/stm32f4xx_hal_msp.o
 .ARM.attributes
                0x000000000000033c       0x2e ./src/timer.o
 .ARM.attributes
                0x000000000000036a       0x1e c:/users/admin/appdata/roaming/xpacks/@xpack-dev-tools/arm-none-eabi-gcc/12.2.1-1.2.1/.content/bin/../lib/gcc/arm-none-eabi/12.2.1/thumb/v7e-m/nofp\libgcc.a(_aeabi_uldivmod.o)
 .ARM.attributes
                0x0000000000000388       0x2e c:/users/admin/appdata/roaming/xpacks/@xpack-dev-tools/arm-none-eabi-gcc/12.2.1-1.2.1/.content/bin/../lib/gcc/arm-none-eabi/12.2.1/thumb/v7e-m/nofp\libgcc.a(_udivmoddi4.o)
 .ARM.attributes
                0x00000000000003b6       0x1e c:/users/admin/appdata/roaming/xpacks/@xpack-dev-tools/arm-none-eabi-gcc/12.2.1-1.2.1/.content/bin/../lib/gcc/arm-none-eabi/12.2.1/thumb/v7e-m/nofp\libgcc.a(_dvmd_tls.o)
 .ARM.attributes
                0x00000000000003d4       0x2e c:/users/admin/appdata/roaming/xpacks/@xpack-dev-tools/arm-none-eabi-gcc/12.2.1-1.2.1/.content/bin/../lib/gcc/arm-none-eabi/12.2.1/../../../../arm-none-eabi/lib/thumb/v7e-m/nofp\libg_nano.a(libc_a-vsnprintf.o)
 .ARM.attributes
                0x0000000000000402       0x2e c:/users/admin/appdata/roaming/xpacks/@xpack-dev-tools/arm-none-eabi-gcc/12.2.1-1.2.1/.content/bin/../lib/gcc/arm-none-eabi/12.2.1/../../../../arm-none-eabi/lib/thumb/v7e-m/nofp\libg_nano.a(libc_a-impure.o)
 .ARM.attributes
                0x0000000000000430       0x2e c:/users/admin/appdata/roaming/xpacks/@xpack-dev-tools/arm-none-eabi-gcc/12.2.1-1.2.1/.content/bin/../lib/gcc/arm-none-eabi/12.2.1/../../../../arm-none-eabi/lib/thumb/v7e-m/nofp\libg_nano.a(libc_a-errno.o)
 .ARM.attributes
                0x000000000000045e       0x17 c:/users/admin/appdata/roaming/xpacks/@xpack-dev-tools/arm-none-eabi-gcc/12.2.1-1.2.1/.content/bin/../lib/gcc/arm-none-eabi/12.2.1/../../../../arm-none-eabi/lib/thumb/v7e-m/nofp\libg_nano.a(libc_a-strlen.o)
 .ARM.attributes
                0x0000000000000475       0x2e c:/users/admin/appdata/roaming/xpacks/@xpack-dev-tools/arm-none-eabi-gcc/12.2.1-1.2.1/.content/bin/../lib/gcc/arm-none-eabi/12.2.1/../../../../arm-none-eabi/lib/thumb/v7e-m/nofp\libg_nano.a(libc_a-nano-svfprintf.o)
 .ARM.attributes
                0x00000000000004a3       0x2e c:/users/admin/appdata/roaming/xpacks/@xpack-dev-tools/arm-none-eabi-gcc/12.2.1-1.2.1/.content/bin/../lib/gcc/arm-none-eabi/12.2.1/../../../../arm-none-eabi/lib/thumb/v7e-m/nofp\libg_nano.a(libc_a-nano-vfprintf_i.o)
 .ARM.attributes
                0x00000000000004d1       0x2e c:/users/admin/appdata/roaming/xpacks/@xpack-dev-tools/arm-none-eabi-gcc/12.2.1-1.2.1/.content/bin/../lib/gcc/arm-none-eabi/12.2.1/../../../../arm-none-eabi/lib/thumb/v7e-m/nofp\libg_nano.a(libc_a-memmove.o)
 .ARM.attributes
                0x00000000000004ff       0x1c c:/users/admin/appdata/roaming/xpacks/@xpack-dev-tools/arm-none-eabi-gcc/12.2.1-1.2.1/.content/bin/../lib/gcc/arm-none-eabi/12.2.1/../../../../arm-none-eabi/lib/thumb/v7e-m/nofp\libg_nano.a(libc_a-memchr.o)
 .ARM.attributes
                0x000000000000051b       0x2e c:/users/admin/appdata/roaming/xpacks/@xpack-dev-tools/arm-none-eabi-gcc/12.2.1-1.2.1/.content/bin/../lib/gcc/arm-none-eabi/12.2.1/../../../../arm-none-eabi/lib/thumb/v7e-m/nofp\libg_nano.a(libc_a-memcpy-stub.o)
 .ARM.attributes
                0x0000000000000549       0x2e c:/users/admin/appdata/roaming/xpacks/@xpack-dev-tools/arm-none-eabi-gcc/12.2.1-1.2.1/.content/bin/../lib/gcc/arm-none-eabi/12.2.1/../../../../arm-none-eabi/lib/thumb/v7e-m/nofp\libg_nano.a(libc_a-freer.o)
 .ARM.attributes
                0x0000000000000577       0x2e c:/users/admin/appdata/roaming/xpacks/@xpack-dev-tools/arm-none-eabi-gcc/12.2.1-1.2.1/.content/bin/../lib/gcc/arm-none-eabi/12.2.1/../../../../arm-none-eabi/lib/thumb/v7e-m/nofp\libg_nano.a(libc_a-mallocr.o)
 .ARM.attributes
                0x00000000000005a5       0x2e c:/users/admin/appdata/roaming/xpacks/@xpack-dev-tools/arm-none-eabi-gcc/12.2.1-1.2.1/.content/bin/../lib/gcc/arm-none-eabi/12.2.1/../../../../arm-none-eabi/lib/thumb/v7e-m/nofp\libg_nano.a(libc_a-mlock.o)
 .ARM.attributes
                0x00000000000005d3       0x2e c:/users/admin/appdata/roaming/xpacks/@xpack-dev-tools/arm-none-eabi-gcc/12.2.1-1.2.1/.content/bin/../lib/gcc/arm-none-eabi/12.2.1/../../../../arm-none-eabi/lib/thumb/v7e-m/nofp\libg_nano.a(libc_a-reallocr.o)
 .ARM.attributes
                0x0000000000000601       0x2e c:/users/admin/appdata/roaming/xpacks/@xpack-dev-tools/arm-none-eabi-gcc/12.2.1-1.2.1/.content/bin/../lib/gcc/arm-none-eabi/12.2.1/../../../../arm-none-eabi/lib/thumb/v7e-m/nofp\libg_nano.a(libc_a-sbrkr.o)
 .ARM.attributes
                0x000000000000062f       0x2e c:/users/admin/appdata/roaming/xpacks/@xpack-dev-tools/arm-none-eabi-gcc/12.2.1-1.2.1/.content/bin/../lib/gcc/arm-none-eabi/12.2.1/../../../../arm-none-eabi/lib/thumb/v7e-m/nofp\libg_nano.a(libc_a-lock.o)
 .ARM.attributes
                0x000000000000065d       0x2e c:/users/admin/appdata/roaming/xpacks/@xpack-dev-tools/arm-none-eabi-gcc/12.2.1-1.2.1/.content/bin/../lib/gcc/arm-none-eabi/12.2.1/../../../../arm-none-eabi/lib/thumb/v7e-m/nofp\libg_nano.a(libc_a-msizer.o)

.debug
 *(.debug)

.line
 *(.line)

.debug_srcinfo
 *(.debug_srcinfo)

.debug_sfnames
 *(.debug_sfnames)

.debug_aranges  0x0000000000000000      0x618
 *(.debug_aranges)
 .debug_aranges
                0x0000000000000000       0xf0 ./system/src/stm32f4-hal/stm32f4xx_hal.o
 .debug_aranges
                0x00000000000000f0       0xd8 ./system/src/stm32f4-hal/stm32f4xx_hal_cortex.o
 .debug_aranges
                0x00000000000001c8       0x58 ./system/src/stm32f4-hal/stm32f4xx_hal_gpio.o
 .debug_aranges
                0x0000000000000220       0x88 ./system/src/stm32f4-hal/stm32f4xx_hal_rcc.o
 .debug_aranges
                0x00000000000002a8       0x28 ./system/src/newlib/exit.o
 .debug_aranges
                0x00000000000002d0       0x20 ./system/src/newlib/sbrk.o
 .debug_aranges
                0x00000000000002f0       0x40 ./system/src/newlib/startup.o
 .debug_aranges
                0x0000000000000330       0x30 ./system/src/newlib/syscalls.o
 .debug_aranges
                0x0000000000000360       0x30 ./system/src/diag/trace-impl.o
 .debug_aranges
                0x0000000000000390       0x38 ./system/src/diag/trace.o
 .debug_aranges
                0x00000000000003c8       0x90 ./system/src/cortexm/exception-handlers.o
 .debug_aranges
                0x0000000000000458       0x28 ./system/src/cortexm/initialize-hardware.o
 .debug_aranges
                0x0000000000000480       0x28 ./system/src/cmsis/system_stm32f4xx.o
 .debug_aranges
                0x00000000000004a8       0x20 ./system/src/cmsis/vectors_stm32f407xx.o
 .debug_aranges
                0x00000000000004c8       0x30 ./src/initialize-hardware.o
 .debug_aranges
                0x00000000000004f8       0x30 ./src/led.o
 .debug_aranges
                0x0000000000000528       0x20 ./src/main.o
 .debug_aranges
                0x0000000000000548       0x38 ./src/stm32f4xx_hal_msp.o
 .debug_aranges
                0x0000000000000580       0x38 ./src/timer.o
 .debug_aranges
                0x00000000000005b8       0x20 c:/users/admin/appdata/roaming/xpacks/@xpack-dev-tools/arm-none-eabi-gcc/12.2.1-1.2.1/.content/bin/../lib/gcc/arm-none-eabi/12.2.1/thumb/v7e-m/nofp\libgcc.a(_aeabi_uldivmod.o)
 .debug_aranges
                0x00000000000005d8       0x20 c:/users/admin/appdata/roaming/xpacks/@xpack-dev-tools/arm-none-eabi-gcc/12.2.1-1.2.1/.content/bin/../lib/gcc/arm-none-eabi/12.2.1/thumb/v7e-m/nofp\libgcc.a(_udivmoddi4.o)
 .debug_aranges
                0x00000000000005f8       0x20 c:/users/admin/appdata/roaming/xpacks/@xpack-dev-tools/arm-none-eabi-gcc/12.2.1-1.2.1/.content/bin/../lib/gcc/arm-none-eabi/12.2.1/thumb/v7e-m/nofp\libgcc.a(_dvmd_tls.o)

.debug_pubnames
 *(.debug_pubnames)

.debug_info     0x0000000000000000     0x6de1
 *(.debug_info .gnu.linkonce.wi.*)
 .debug_info    0x0000000000000000      0xa2a ./system/src/stm32f4-hal/stm32f4xx_hal.o
 .debug_info    0x0000000000000a2a     0x11f0 ./system/src/stm32f4-hal/stm32f4xx_hal_cortex.o
 .debug_info    0x0000000000001c1a      0x875 ./system/src/stm32f4-hal/stm32f4xx_hal_gpio.o
 .debug_info    0x000000000000248f      0xcee ./system/src/stm32f4-hal/stm32f4xx_hal_rcc.o
 .debug_info    0x000000000000317d      0x104 ./system/src/newlib/exit.o
 .debug_info    0x0000000000003281      0x10f ./system/src/newlib/sbrk.o
 .debug_info    0x0000000000003390      0x54f ./system/src/newlib/startup.o
 .debug_info    0x00000000000038df      0x1c3 ./system/src/newlib/syscalls.o
 .debug_info    0x0000000000003aa2      0x319 ./system/src/diag/trace-impl.o
 .debug_info    0x0000000000003dbb      0x34b ./system/src/diag/trace.o
 .debug_info    0x0000000000004106      0x91e ./system/src/cortexm/exception-handlers.o
 .debug_info    0x0000000000004a24      0x278 ./system/src/cortexm/initialize-hardware.o
 .debug_info    0x0000000000004c9c      0x511 ./system/src/cmsis/system_stm32f4xx.o
 .debug_info    0x00000000000051ad      0x10b ./system/src/cmsis/vectors_stm32f407xx.o
 .debug_info    0x00000000000052b8      0x590 ./src/initialize-hardware.o
 .debug_info    0x0000000000005848      0x414 ./src/led.o
 .debug_info    0x0000000000005c5c      0x26f ./src/main.o
 .debug_info    0x0000000000005ecb       0xb8 ./src/stm32f4xx_hal_msp.o
 .debug_info    0x0000000000005f83      0x704 ./src/timer.o
 .debug_info    0x0000000000006687       0x24 c:/users/admin/appdata/roaming/xpacks/@xpack-dev-tools/arm-none-eabi-gcc/12.2.1-1.2.1/.content/bin/../lib/gcc/arm-none-eabi/12.2.1/thumb/v7e-m/nofp\libgcc.a(_aeabi_uldivmod.o)
 .debug_info    0x00000000000066ab      0x6fd c:/users/admin/appdata/roaming/xpacks/@xpack-dev-tools/arm-none-eabi-gcc/12.2.1-1.2.1/.content/bin/../lib/gcc/arm-none-eabi/12.2.1/thumb/v7e-m/nofp\libgcc.a(_udivmoddi4.o)
 .debug_info    0x0000000000006da8       0x39 c:/users/admin/appdata/roaming/xpacks/@xpack-dev-tools/arm-none-eabi-gcc/12.2.1-1.2.1/.content/bin/../lib/gcc/arm-none-eabi/12.2.1/thumb/v7e-m/nofp\libgcc.a(_dvmd_tls.o)

.debug_abbrev   0x0000000000000000     0x21e8
 *(.debug_abbrev)
 .debug_abbrev  0x0000000000000000      0x248 ./system/src/stm32f4-hal/stm32f4xx_hal.o
 .debug_abbrev  0x0000000000000248      0x400 ./system/src/stm32f4-hal/stm32f4xx_hal_cortex.o
 .debug_abbrev  0x0000000000000648      0x23f ./system/src/stm32f4-hal/stm32f4xx_hal_gpio.o
 .debug_abbrev  0x0000000000000887      0x2dd ./system/src/stm32f4-hal/stm32f4xx_hal_rcc.o
 .debug_abbrev  0x0000000000000b64       0xc5 ./system/src/newlib/exit.o
 .debug_abbrev  0x0000000000000c29       0xcc ./system/src/newlib/sbrk.o
 .debug_abbrev  0x0000000000000cf5      0x25a ./system/src/newlib/startup.o
 .debug_abbrev  0x0000000000000f4f      0x118 ./system/src/newlib/syscalls.o
 .debug_abbrev  0x0000000000001067      0x1e6 ./system/src/diag/trace-impl.o
 .debug_abbrev  0x000000000000124d      0x184 ./system/src/diag/trace.o
 .debug_abbrev  0x00000000000013d1      0x28c ./system/src/cortexm/exception-handlers.o
 .debug_abbrev  0x000000000000165d      0x105 ./system/src/cortexm/initialize-hardware.o
 .debug_abbrev  0x0000000000001762      0x121 ./system/src/cmsis/system_stm32f4xx.o
 .debug_abbrev  0x0000000000001883       0xb8 ./system/src/cmsis/vectors_stm32f407xx.o
 .debug_abbrev  0x000000000000193b      0x216 ./src/initialize-hardware.o
 .debug_abbrev  0x0000000000001b51      0x180 ./src/led.o
 .debug_abbrev  0x0000000000001cd1      0x13d ./src/main.o
 .debug_abbrev  0x0000000000001e0e       0x47 ./src/stm32f4xx_hal_msp.o
 .debug_abbrev  0x0000000000001e55      0x1f6 ./src/timer.o
 .debug_abbrev  0x000000000000204b       0x14 c:/users/admin/appdata/roaming/xpacks/@xpack-dev-tools/arm-none-eabi-gcc/12.2.1-1.2.1/.content/bin/../lib/gcc/arm-none-eabi/12.2.1/thumb/v7e-m/nofp\libgcc.a(_aeabi_uldivmod.o)
 .debug_abbrev  0x000000000000205f      0x16a c:/users/admin/appdata/roaming/xpacks/@xpack-dev-tools/arm-none-eabi-gcc/12.2.1-1.2.1/.content/bin/../lib/gcc/arm-none-eabi/12.2.1/thumb/v7e-m/nofp\libgcc.a(_udivmoddi4.o)
 .debug_abbrev  0x00000000000021c9       0x1f c:/users/admin/appdata/roaming/xpacks/@xpack-dev-tools/arm-none-eabi-gcc/12.2.1-1.2.1/.content/bin/../lib/gcc/arm-none-eabi/12.2.1/thumb/v7e-m/nofp\libgcc.a(_dvmd_tls.o)

.debug_line     0x0000000000000000     0xbd10
 *(.debug_line)
 .debug_line    0x0000000000000000      0xbe8 ./system/src/stm32f4-hal/stm32f4xx_hal.o
 .debug_line    0x0000000000000be8     0x1068 ./system/src/stm32f4-hal/stm32f4xx_hal_cortex.o
 .debug_line    0x0000000000001c50      0xe85 ./system/src/stm32f4-hal/stm32f4xx_hal_gpio.o
 .debug_line    0x0000000000002ad5     0x128e ./system/src/stm32f4-hal/stm32f4xx_hal_rcc.o
 .debug_line    0x0000000000003d63      0x406 ./system/src/newlib/exit.o
 .debug_line    0x0000000000004169      0x3f7 ./system/src/newlib/sbrk.o
 .debug_line    0x0000000000004560      0x681 ./system/src/newlib/startup.o
 .debug_line    0x0000000000004be1      0x54c ./system/src/newlib/syscalls.o
 .debug_line    0x000000000000512d      0xc45 ./system/src/diag/trace-impl.o
 .debug_line    0x0000000000005d72      0x4e1 ./system/src/diag/trace.o
 .debug_line    0x0000000000006253      0xe8d ./system/src/cortexm/exception-handlers.o
 .debug_line    0x00000000000070e0      0x8aa ./system/src/cortexm/initialize-hardware.o
 .debug_line    0x000000000000798a      0x93c ./system/src/cmsis/system_stm32f4xx.o
 .debug_line    0x00000000000082c6      0x142 ./system/src/cmsis/vectors_stm32f407xx.o
 .debug_line    0x0000000000008408      0xc06 ./src/initialize-hardware.o
 .debug_line    0x000000000000900e      0x8b7 ./src/led.o
 .debug_line    0x00000000000098c5      0xc07 ./src/main.o
 .debug_line    0x000000000000a4cc      0x89a ./src/stm32f4xx_hal_msp.o
 .debug_line    0x000000000000ad66      0x95d ./src/timer.o
 .debug_line    0x000000000000b6c3       0x4e c:/users/admin/appdata/roaming/xpacks/@xpack-dev-tools/arm-none-eabi-gcc/12.2.1-1.2.1/.content/bin/../lib/gcc/arm-none-eabi/12.2.1/thumb/v7e-m/nofp\libgcc.a(_aeabi_uldivmod.o)
 .debug_line    0x000000000000b711      0x5b5 c:/users/admin/appdata/roaming/xpacks/@xpack-dev-tools/arm-none-eabi-gcc/12.2.1-1.2.1/.content/bin/../lib/gcc/arm-none-eabi/12.2.1/thumb/v7e-m/nofp\libgcc.a(_udivmoddi4.o)
 .debug_line    0x000000000000bcc6       0x4a c:/users/admin/appdata/roaming/xpacks/@xpack-dev-tools/arm-none-eabi-gcc/12.2.1-1.2.1/.content/bin/../lib/gcc/arm-none-eabi/12.2.1/thumb/v7e-m/nofp\libgcc.a(_dvmd_tls.o)

.debug_frame    0x0000000000000000      0xc68
 *(.debug_frame)
 .debug_frame   0x0000000000000000      0x1f0 ./system/src/stm32f4-hal/stm32f4xx_hal.o
 .debug_frame   0x00000000000001f0      0x214 ./system/src/stm32f4-hal/stm32f4xx_hal_cortex.o
 .debug_frame   0x0000000000000404       0xfc ./system/src/stm32f4-hal/stm32f4xx_hal_gpio.o
 .debug_frame   0x0000000000000500      0x16c ./system/src/stm32f4-hal/stm32f4xx_hal_rcc.o
 .debug_frame   0x000000000000066c       0x38 ./system/src/newlib/exit.o
 .debug_frame   0x00000000000006a4       0x28 ./system/src/newlib/sbrk.o
 .debug_frame   0x00000000000006cc       0x7c ./system/src/newlib/startup.o
 .debug_frame   0x0000000000000748       0x50 ./system/src/newlib/syscalls.o
 .debug_frame   0x0000000000000798       0x64 ./system/src/diag/trace-impl.o
 .debug_frame   0x00000000000007fc       0x94 ./system/src/diag/trace.o
 .debug_frame   0x0000000000000890      0x158 ./system/src/cortexm/exception-handlers.o
 .debug_frame   0x00000000000009e8       0x40 ./system/src/cortexm/initialize-hardware.o
 .debug_frame   0x0000000000000a28       0x30 ./system/src/cmsis/system_stm32f4xx.o
 .debug_frame   0x0000000000000a58       0x20 ./system/src/cmsis/vectors_stm32f407xx.o
 .debug_frame   0x0000000000000a78       0x60 ./src/initialize-hardware.o
 .debug_frame   0x0000000000000ad8       0x5c ./src/led.o
 .debug_frame   0x0000000000000b34       0x2c ./src/main.o
 .debug_frame   0x0000000000000b60       0x50 ./src/stm32f4xx_hal_msp.o
 .debug_frame   0x0000000000000bb0       0x58 ./src/timer.o
 .debug_frame   0x0000000000000c08       0x2c c:/users/admin/appdata/roaming/xpacks/@xpack-dev-tools/arm-none-eabi-gcc/12.2.1-1.2.1/.content/bin/../lib/gcc/arm-none-eabi/12.2.1/thumb/v7e-m/nofp\libgcc.a(_aeabi_uldivmod.o)
 .debug_frame   0x0000000000000c34       0x34 c:/users/admin/appdata/roaming/xpacks/@xpack-dev-tools/arm-none-eabi-gcc/12.2.1-1.2.1/.content/bin/../lib/gcc/arm-none-eabi/12.2.1/thumb/v7e-m/nofp\libgcc.a(_udivmoddi4.o)

.debug_str      0x0000000000000000    0xf70e5
 *(.debug_str)
 .debug_str     0x0000000000000000    0xee85d ./system/src/stm32f4-hal/stm32f4xx_hal.o
                                      0xeebee (size before relaxing)
 .debug_str     0x00000000000ee85d      0x3a7 ./system/src/stm32f4-hal/stm32f4xx_hal_cortex.o
                                      0xee90e (size before relaxing)
 .debug_str     0x00000000000eec04      0x27d ./system/src/stm32f4-hal/stm32f4xx_hal_gpio.o
                                      0xee275 (size before relaxing)
 .debug_str     0x00000000000eee81      0x3b0 ./system/src/stm32f4-hal/stm32f4xx_hal_rcc.o
                                      0xee487 (size before relaxing)
 .debug_str     0x00000000000ef231     0x4995 ./system/src/newlib/exit.o
                                       0x7bea (size before relaxing)
 .debug_str     0x00000000000f3bc6      0x4df ./system/src/newlib/sbrk.o
                                       0x6fcd (size before relaxing)
 .debug_str     0x00000000000f40a5      0x2c6 ./system/src/newlib/startup.o
                                       0x66df (size before relaxing)
 .debug_str     0x00000000000f436b     0x153e ./system/src/newlib/syscalls.o
                                       0x8f87 (size before relaxing)
 .debug_str     0x00000000000f58a9      0x387 ./system/src/diag/trace-impl.o
                                      0xf19a3 (size before relaxing)
 .debug_str     0x00000000000f5c30      0x7f6 ./system/src/diag/trace.o
                                       0x835e (size before relaxing)
 .debug_str     0x00000000000f6426      0x19d ./system/src/cortexm/exception-handlers.o
                                      0xf2c79 (size before relaxing)
 .debug_str     0x00000000000f65c3       0x5d ./system/src/cortexm/initialize-hardware.o
                                      0xedf83 (size before relaxing)
 .debug_str     0x00000000000f6620       0x46 ./system/src/cmsis/system_stm32f4xx.o
                                      0xee071 (size before relaxing)
 .debug_str     0x00000000000f6666       0x59 ./system/src/cmsis/vectors_stm32f407xx.o
                                       0x39ef (size before relaxing)
 .debug_str     0x00000000000f66bf       0x35 ./src/initialize-hardware.o
                                      0xf1960 (size before relaxing)
 .debug_str     0x00000000000f66f4      0x137 ./src/led.o
                                      0xee158 (size before relaxing)
 .debug_str     0x00000000000f682b       0xda ./src/main.o
                                      0xf30f1 (size before relaxing)
 .debug_str     0x00000000000f6905       0x3d ./src/stm32f4xx_hal_msp.o
                                      0xedec3 (size before relaxing)
 .debug_str     0x00000000000f6942       0x2b ./src/timer.o
                                      0xee588 (size before relaxing)
 .debug_str     0x00000000000f696d      0x11d c:/users/admin/appdata/roaming/xpacks/@xpack-dev-tools/arm-none-eabi-gcc/12.2.1-1.2.1/.content/bin/../lib/gcc/arm-none-eabi/12.2.1/thumb/v7e-m/nofp\libgcc.a(_aeabi_uldivmod.o)
 .debug_str     0x00000000000f6a8a      0x5d0 c:/users/admin/appdata/roaming/xpacks/@xpack-dev-tools/arm-none-eabi-gcc/12.2.1-1.2.1/.content/bin/../lib/gcc/arm-none-eabi/12.2.1/thumb/v7e-m/nofp\libgcc.a(_udivmoddi4.o)
                                        0x724 (size before relaxing)
 .debug_str     0x00000000000f705a       0x8b c:/users/admin/appdata/roaming/xpacks/@xpack-dev-tools/arm-none-eabi-gcc/12.2.1-1.2.1/.content/bin/../lib/gcc/arm-none-eabi/12.2.1/thumb/v7e-m/nofp\libgcc.a(_dvmd_tls.o)
                                        0x13d (size before relaxing)

.debug_loc
 *(.debug_loc)

.debug_macinfo
 *(.debug_macinfo)

.debug_weaknames
 *(.debug_weaknames)

.debug_funcnames
 *(.debug_funcnames)

.debug_typenames
 *(.debug_typenames)

.debug_varnames
 *(.debug_varnames)
OUTPUT(dieukhienquatgio.elf elf32-littlearm)
LOAD linker stubs

.debug_loclists
                0x0000000000000000     0x2013
 .debug_loclists
                0x0000000000000000       0xbe ./system/src/stm32f4-hal/stm32f4xx_hal.o
 .debug_loclists
                0x00000000000000be      0x4ce ./system/src/stm32f4-hal/stm32f4xx_hal_cortex.o
 .debug_loclists
                0x000000000000058c      0x434 ./system/src/stm32f4-hal/stm32f4xx_hal_gpio.o
 .debug_loclists
                0x00000000000009c0      0x3a8 ./system/src/stm32f4-hal/stm32f4xx_hal_rcc.o
 .debug_loclists
                0x0000000000000d68       0x17 ./system/src/newlib/exit.o
 .debug_loclists
                0x0000000000000d7f       0x69 ./system/src/newlib/sbrk.o
 .debug_loclists
                0x0000000000000de8      0x2b7 ./system/src/newlib/startup.o
 .debug_loclists
                0x000000000000109f       0x51 ./system/src/newlib/syscalls.o
 .debug_loclists
                0x00000000000010f0       0xf5 ./system/src/diag/trace-impl.o
 .debug_loclists
                0x00000000000011e5       0xb2 ./system/src/diag/trace.o
 .debug_loclists
                0x0000000000001297      0x203 ./system/src/cortexm/exception-handlers.o
 .debug_loclists
                0x000000000000149a       0xdb ./system/src/cmsis/system_stm32f4xx.o
 .debug_loclists
                0x0000000000001575       0x48 ./src/initialize-hardware.o
 .debug_loclists
                0x00000000000015bd       0x52 ./src/main.o
 .debug_loclists
                0x000000000000160f       0x47 ./src/timer.o
 .debug_loclists
                0x0000000000001656      0x9bd c:/users/admin/appdata/roaming/xpacks/@xpack-dev-tools/arm-none-eabi-gcc/12.2.1-1.2.1/.content/bin/../lib/gcc/arm-none-eabi/12.2.1/thumb/v7e-m/nofp\libgcc.a(_udivmoddi4.o)

.debug_rnglists
                0x0000000000000000      0x51a
 .debug_rnglists
                0x0000000000000000       0xaf ./system/src/stm32f4-hal/stm32f4xx_hal.o
 .debug_rnglists
                0x00000000000000af       0xda ./system/src/stm32f4-hal/stm32f4xx_hal_cortex.o
 .debug_rnglists
                0x0000000000000189       0x3f ./system/src/stm32f4-hal/stm32f4xx_hal_gpio.o
 .debug_rnglists
                0x00000000000001c8       0x75 ./system/src/stm32f4-hal/stm32f4xx_hal_rcc.o
 .debug_rnglists
                0x000000000000023d       0x19 ./system/src/newlib/exit.o
 .debug_rnglists
                0x0000000000000256       0x13 ./system/src/newlib/sbrk.o
 .debug_rnglists
                0x0000000000000269       0x50 ./system/src/newlib/startup.o
 .debug_rnglists
                0x00000000000002b9       0x1f ./system/src/newlib/syscalls.o
 .debug_rnglists
                0x00000000000002d8       0x2b ./system/src/diag/trace-impl.o
 .debug_rnglists
                0x0000000000000303       0x25 ./system/src/diag/trace.o
 .debug_rnglists
                0x0000000000000328       0x74 ./system/src/cortexm/exception-handlers.o
 .debug_rnglists
                0x000000000000039c       0x19 ./system/src/cortexm/initialize-hardware.o
 .debug_rnglists
                0x00000000000003b5       0x1a ./system/src/cmsis/system_stm32f4xx.o
 .debug_rnglists
                0x00000000000003cf       0x13 ./system/src/cmsis/vectors_stm32f407xx.o
 .debug_rnglists
                0x00000000000003e2       0x20 ./src/initialize-hardware.o
 .debug_rnglists
                0x0000000000000402       0x1f ./src/led.o
 .debug_rnglists
                0x0000000000000421       0x14 ./src/main.o
 .debug_rnglists
                0x0000000000000435       0x25 ./src/stm32f4xx_hal_msp.o
 .debug_rnglists
                0x000000000000045a       0x25 ./src/timer.o
 .debug_rnglists
                0x000000000000047f       0x9b c:/users/admin/appdata/roaming/xpacks/@xpack-dev-tools/arm-none-eabi-gcc/12.2.1-1.2.1/.content/bin/../lib/gcc/arm-none-eabi/12.2.1/thumb/v7e-m/nofp\libgcc.a(_udivmoddi4.o)

.debug_macro    0x0000000000000000    0x28e24
 .debug_macro   0x0000000000000000      0x40d ./system/src/stm32f4-hal/stm32f4xx_hal.o
 .debug_macro   0x000000000000040d      0xaba ./system/src/stm32f4-hal/stm32f4xx_hal.o
 .debug_macro   0x0000000000000ec7      0x3a2 ./system/src/stm32f4-hal/stm32f4xx_hal.o
 .debug_macro   0x0000000000001269       0x2e ./system/src/stm32f4-hal/stm32f4xx_hal.o
 .debug_macro   0x0000000000001297       0x2f ./system/src/stm32f4-hal/stm32f4xx_hal.o
 .debug_macro   0x00000000000012c6      0x34e ./system/src/stm32f4-hal/stm32f4xx_hal.o
 .debug_macro   0x0000000000001614       0x1c ./system/src/stm32f4-hal/stm32f4xx_hal.o
 .debug_macro   0x0000000000001630       0x22 ./system/src/stm32f4-hal/stm32f4xx_hal.o
 .debug_macro   0x0000000000001652       0xd9 ./system/src/stm32f4-hal/stm32f4xx_hal.o
 .debug_macro   0x000000000000172b     0x102d ./system/src/stm32f4-hal/stm32f4xx_hal.o
 .debug_macro   0x0000000000002758      0x11f ./system/src/stm32f4-hal/stm32f4xx_hal.o
 .debug_macro   0x0000000000002877    0x15e3c ./system/src/stm32f4-hal/stm32f4xx_hal.o
 .debug_macro   0x00000000000186b3       0x43 ./system/src/stm32f4-hal/stm32f4xx_hal.o
 .debug_macro   0x00000000000186f6     0x3659 ./system/src/stm32f4-hal/stm32f4xx_hal.o
 .debug_macro   0x000000000001bd4f      0x189 ./system/src/stm32f4-hal/stm32f4xx_hal.o
 .debug_macro   0x000000000001bed8       0x5a ./system/src/stm32f4-hal/stm32f4xx_hal.o
 .debug_macro   0x000000000001bf32      0x96b ./system/src/stm32f4-hal/stm32f4xx_hal.o
 .debug_macro   0x000000000001c89d      0x9fe ./system/src/stm32f4-hal/stm32f4xx_hal.o
 .debug_macro   0x000000000001d29b      0x117 ./system/src/stm32f4-hal/stm32f4xx_hal.o
 .debug_macro   0x000000000001d3b2      0x13e ./system/src/stm32f4-hal/stm32f4xx_hal.o
 .debug_macro   0x000000000001d4f0       0x27 ./system/src/stm32f4-hal/stm32f4xx_hal.o
 .debug_macro   0x000000000001d517      0x174 ./system/src/stm32f4-hal/stm32f4xx_hal.o
 .debug_macro   0x000000000001d68b      0x287 ./system/src/stm32f4-hal/stm32f4xx_hal.o
 .debug_macro   0x000000000001d912       0x5f ./system/src/stm32f4-hal/stm32f4xx_hal.o
 .debug_macro   0x000000000001d971      0x236 ./system/src/stm32f4-hal/stm32f4xx_hal.o
 .debug_macro   0x000000000001dba7      0x391 ./system/src/stm32f4-hal/stm32f4xx_hal.o
 .debug_macro   0x000000000001df38      0x176 ./system/src/stm32f4-hal/stm32f4xx_hal.o
 .debug_macro   0x000000000001e0ae       0xf9 ./system/src/stm32f4-hal/stm32f4xx_hal.o
 .debug_macro   0x000000000001e1a7      0x40f ./system/src/stm32f4-hal/stm32f4xx_hal.o
 .debug_macro   0x000000000001e5b6       0x22 ./system/src/stm32f4-hal/stm32f4xx_hal.o
 .debug_macro   0x000000000001e5d8       0xea ./system/src/stm32f4-hal/stm32f4xx_hal.o
 .debug_macro   0x000000000001e6c2       0xa0 ./system/src/stm32f4-hal/stm32f4xx_hal.o
 .debug_macro   0x000000000001e762       0x3c ./system/src/stm32f4-hal/stm32f4xx_hal.o
 .debug_macro   0x000000000001e79e       0x1f ./system/src/stm32f4-hal/stm32f4xx_hal.o
 .debug_macro   0x000000000001e7bd      0x1d2 ./system/src/stm32f4-hal/stm32f4xx_hal.o
 .debug_macro   0x000000000001e98f      0xccf ./system/src/stm32f4-hal/stm32f4xx_hal.o
 .debug_macro   0x000000000001f65e      0x12c ./system/src/stm32f4-hal/stm32f4xx_hal.o
 .debug_macro   0x000000000001f78a      0x21e ./system/src/stm32f4-hal/stm32f4xx_hal.o
 .debug_macro   0x000000000001f9a8       0x2e ./system/src/stm32f4-hal/stm32f4xx_hal.o
 .debug_macro   0x000000000001f9d6      0x543 ./system/src/stm32f4-hal/stm32f4xx_hal.o
 .debug_macro   0x000000000001ff19       0x88 ./system/src/stm32f4-hal/stm32f4xx_hal.o
 .debug_macro   0x000000000001ffa1       0xea ./system/src/stm32f4-hal/stm32f4xx_hal.o
 .debug_macro   0x000000000002008b      0x184 ./system/src/stm32f4-hal/stm32f4xx_hal.o
 .debug_macro   0x000000000002020f      0x1b5 ./system/src/stm32f4-hal/stm32f4xx_hal.o
 .debug_macro   0x00000000000203c4       0xd6 ./system/src/stm32f4-hal/stm32f4xx_hal.o
 .debug_macro   0x000000000002049a      0x26b ./system/src/stm32f4-hal/stm32f4xx_hal.o
 .debug_macro   0x0000000000020705      0x1a7 ./system/src/stm32f4-hal/stm32f4xx_hal.o
 .debug_macro   0x00000000000208ac       0x46 ./system/src/stm32f4-hal/stm32f4xx_hal.o
 .debug_macro   0x00000000000208f2       0x4a ./system/src/stm32f4-hal/stm32f4xx_hal.o
 .debug_macro   0x000000000002093c       0x78 ./system/src/stm32f4-hal/stm32f4xx_hal.o
 .debug_macro   0x00000000000209b4      0x11a ./system/src/stm32f4-hal/stm32f4xx_hal.o
 .debug_macro   0x0000000000020ace       0x7e ./system/src/stm32f4-hal/stm32f4xx_hal.o
 .debug_macro   0x0000000000020b4c       0x89 ./system/src/stm32f4-hal/stm32f4xx_hal.o
 .debug_macro   0x0000000000020bd5       0xa4 ./system/src/stm32f4-hal/stm32f4xx_hal.o
 .debug_macro   0x0000000000020c79      0x31a ./system/src/stm32f4-hal/stm32f4xx_hal.o
 .debug_macro   0x0000000000020f93      0x405 ./system/src/stm32f4-hal/stm32f4xx_hal.o
 .debug_macro   0x0000000000021398       0xe4 ./system/src/stm32f4-hal/stm32f4xx_hal.o
 .debug_macro   0x000000000002147c      0x861 ./system/src/stm32f4-hal/stm32f4xx_hal.o
 .debug_macro   0x0000000000021cdd      0x1d5 ./system/src/stm32f4-hal/stm32f4xx_hal.o
 .debug_macro   0x0000000000021eb2      0x225 ./system/src/stm32f4-hal/stm32f4xx_hal.o
 .debug_macro   0x00000000000220d7      0x8a0 ./system/src/stm32f4-hal/stm32f4xx_hal.o
 .debug_macro   0x0000000000022977       0x47 ./system/src/stm32f4-hal/stm32f4xx_hal.o
 .debug_macro   0x00000000000229be      0x287 ./system/src/stm32f4-hal/stm32f4xx_hal.o
 .debug_macro   0x0000000000022c45      0x217 ./system/src/stm32f4-hal/stm32f4xx_hal.o
 .debug_macro   0x0000000000022e5c      0x1b5 ./system/src/stm32f4-hal/stm32f4xx_hal.o
 .debug_macro   0x0000000000023011      0x2db ./system/src/stm32f4-hal/stm32f4xx_hal.o
 .debug_macro   0x00000000000232ec       0x8d ./system/src/stm32f4-hal/stm32f4xx_hal.o
 .debug_macro   0x0000000000023379      0x21e ./system/src/stm32f4-hal/stm32f4xx_hal.o
 .debug_macro   0x0000000000023597       0xba ./system/src/stm32f4-hal/stm32f4xx_hal.o
 .debug_macro   0x0000000000023651       0x6e ./system/src/stm32f4-hal/stm32f4xx_hal.o
 .debug_macro   0x00000000000236bf      0x1e9 ./system/src/stm32f4-hal/stm32f4xx_hal.o
 .debug_macro   0x00000000000238a8      0x12d ./system/src/stm32f4-hal/stm32f4xx_hal.o
 .debug_macro   0x00000000000239d5      0x3ad ./system/src/stm32f4-hal/stm32f4xx_hal_cortex.o
 .debug_macro   0x0000000000023d82      0x3e3 ./system/src/stm32f4-hal/stm32f4xx_hal_gpio.o
 .debug_macro   0x0000000000024165      0x3d1 ./system/src/stm32f4-hal/stm32f4xx_hal_rcc.o
 .debug_macro   0x0000000000024536      0x1ae ./system/src/newlib/exit.o
 .debug_macro   0x00000000000246e4      0x163 ./system/src/newlib/sbrk.o
 .debug_macro   0x0000000000024847       0x10 ./system/src/newlib/sbrk.o
 .debug_macro   0x0000000000024857      0x23c ./system/src/newlib/sbrk.o
 .debug_macro   0x0000000000024a93      0x15f ./system/src/newlib/startup.o
 .debug_macro   0x0000000000024bf2      0xac0 ./system/src/newlib/startup.o
 .debug_macro   0x00000000000256b2      0x239 ./system/src/newlib/syscalls.o
 .debug_macro   0x00000000000258eb       0x1c ./system/src/newlib/syscalls.o
 .debug_macro   0x0000000000025907       0x10 ./system/src/newlib/syscalls.o
 .debug_macro   0x0000000000025917       0x10 ./system/src/newlib/syscalls.o
 .debug_macro   0x0000000000025927       0x10 ./system/src/newlib/syscalls.o
 .debug_macro   0x0000000000025937       0x35 ./system/src/newlib/syscalls.o
 .debug_macro   0x000000000002596c      0x12c ./system/src/newlib/syscalls.o
 .debug_macro   0x0000000000025a98       0xce ./system/src/newlib/syscalls.o
 .debug_macro   0x0000000000025b66       0x7c ./system/src/newlib/syscalls.o
 .debug_macro   0x0000000000025be2       0x17 ./system/src/newlib/syscalls.o
 .debug_macro   0x0000000000025bf9      0x118 ./system/src/newlib/syscalls.o
 .debug_macro   0x0000000000025d11      0x18a ./system/src/newlib/syscalls.o
 .debug_macro   0x0000000000025e9b       0x16 ./system/src/newlib/syscalls.o
 .debug_macro   0x0000000000025eb1      0x50d ./system/src/diag/trace-impl.o
 .debug_macro   0x00000000000263be       0x10 ./system/src/diag/trace-impl.o
 .debug_macro   0x00000000000263ce       0x22 ./system/src/diag/trace-impl.o
 .debug_macro   0x00000000000263f0      0x1f4 ./system/src/diag/trace.o
 .debug_macro   0x00000000000265e4       0x16 ./system/src/diag/trace.o
 .debug_macro   0x00000000000265fa       0x9e ./system/src/diag/trace.o
 .debug_macro   0x0000000000026698      0x10b ./system/src/diag/trace.o
 .debug_macro   0x00000000000267a3       0x10 ./system/src/diag/trace.o
 .debug_macro   0x00000000000267b3       0x16 ./system/src/diag/trace.o
 .debug_macro   0x00000000000267c9       0x16 ./system/src/diag/trace.o
 .debug_macro   0x00000000000267df      0x170 ./system/src/diag/trace.o
 .debug_macro   0x000000000002694f       0x4c ./system/src/diag/trace.o
 .debug_macro   0x000000000002699b       0xc1 ./system/src/diag/trace.o
 .debug_macro   0x0000000000026a5c       0x16 ./system/src/diag/trace.o
 .debug_macro   0x0000000000026a72      0x56b ./system/src/cortexm/exception-handlers.o
 .debug_macro   0x0000000000026fdd       0x10 ./system/src/cortexm/exception-handlers.o
 .debug_macro   0x0000000000026fed      0x3b7 ./system/src/cortexm/initialize-hardware.o
 .debug_macro   0x00000000000273a4      0x3b3 ./system/src/cmsis/system_stm32f4xx.o
 .debug_macro   0x0000000000027757       0x34 ./system/src/cmsis/vectors_stm32f407xx.o
 .debug_macro   0x000000000002778b      0x4f2 ./src/initialize-hardware.o
 .debug_macro   0x0000000000027c7d      0x3bc ./src/led.o
 .debug_macro   0x0000000000028039       0x28 ./src/led.o
 .debug_macro   0x0000000000028061      0x5b4 ./src/main.o
 .debug_macro   0x0000000000028615       0x54 ./src/main.o
 .debug_macro   0x0000000000028669       0x2e ./src/main.o
 .debug_macro   0x0000000000028697      0x3ad ./src/stm32f4xx_hal_msp.o
 .debug_macro   0x0000000000028a44      0x3d0 ./src/timer.o
 .debug_macro   0x0000000000028e14       0x10 ./src/timer.o

.debug_line_str
                0x0000000000000000      0x11b
 .debug_line_str
                0x0000000000000000      0x10f c:/users/admin/appdata/roaming/xpacks/@xpack-dev-tools/arm-none-eabi-gcc/12.2.1-1.2.1/.content/bin/../lib/gcc/arm-none-eabi/12.2.1/thumb/v7e-m/nofp\libgcc.a(_aeabi_uldivmod.o)
 .debug_line_str
                0x000000000000010f        0xc c:/users/admin/appdata/roaming/xpacks/@xpack-dev-tools/arm-none-eabi-gcc/12.2.1-1.2.1/.content/bin/../lib/gcc/arm-none-eabi/12.2.1/thumb/v7e-m/nofp\libgcc.a(_dvmd_tls.o)
                                        0x113 (size before relaxing)
